Product: MDK-ARM Professional 5.10
Component: ARM Compiler 5.04 update 1 (build 49)
Tool: armlink [5040049]

==============================================================================

Section Cross References

    startup_stm32f10x_hd.o(STACK) refers (Special) to heapauxi.o(.text) for __use_two_region_memory
    startup_stm32f10x_hd.o(HEAP) refers (Special) to heapauxi.o(.text) for __use_two_region_memory
    startup_stm32f10x_hd.o(RESET) refers (Special) to heapauxi.o(.text) for __use_two_region_memory
    startup_stm32f10x_hd.o(RESET) refers to startup_stm32f10x_hd.o(STACK) for __initial_sp
    startup_stm32f10x_hd.o(RESET) refers to startup_stm32f10x_hd.o(.text) for Reset_Handler
    startup_stm32f10x_hd.o(RESET) refers to rtc.o(i.RTC_IRQHandler) for RTC_IRQHandler
    startup_stm32f10x_hd.o(RESET) refers to exti.o(i.EXTI0_IRQHandler) for EXTI0_IRQHandler
    startup_stm32f10x_hd.o(RESET) refers to exti.o(i.EXTI2_IRQHandler) for EXTI2_IRQHandler
    startup_stm32f10x_hd.o(RESET) refers to exti.o(i.EXTI4_IRQHandler) for EXTI4_IRQHandler
    startup_stm32f10x_hd.o(RESET) refers to timer.o(i.TIM3_IRQHandler) for TIM3_IRQHandler
    startup_stm32f10x_hd.o(RESET) refers to usmart.o(i.TIM4_IRQHandler) for TIM4_IRQHandler
    startup_stm32f10x_hd.o(RESET) refers to usart.o(i.USART1_IRQHandler) for USART1_IRQHandler
    startup_stm32f10x_hd.o(.text) refers (Special) to heapauxi.o(.text) for __use_two_region_memory
    startup_stm32f10x_hd.o(.text) refers to __main.o(!!!main) for __main
    startup_stm32f10x_hd.o(.text) refers to startup_stm32f10x_hd.o(HEAP) for Heap_Mem
    startup_stm32f10x_hd.o(.text) refers to startup_stm32f10x_hd.o(STACK) for Stack_Mem
    test.o(i.main) refers to _printf_percent.o(.ARM.Collect$$_printf_percent$$00000000) for _printf_percent
    test.o(i.main) refers to _printf_f.o(.ARM.Collect$$_printf_percent$$00000003) for _printf_f
    test.o(i.main) refers to printf1.o(x$fpl$printf1) for _printf_fp_dec
    test.o(i.main) refers to _printf_d.o(.ARM.Collect$$_printf_percent$$00000009) for _printf_d
    test.o(i.main) refers to _printf_dec.o(.text) for _printf_int_dec
    test.o(i.main) refers to delay.o(i.delay_init) for delay_init
    test.o(i.main) refers to sys.o(i.Stm32_Clock_Init) for Stm32_Clock_Init
    test.o(i.main) refers to usart.o(i.uart_init) for uart_init
    test.o(i.main) refers to exti.o(i.EXTIX_Init) for EXTIX_Init
    test.o(i.main) refers to timer.o(i.TIM3_Int_Init) for TIM3_Int_Init
    test.o(i.main) refers to ili93xx.o(i.LCD_Init) for LCD_Init
    test.o(i.main) refers to ili93xx.o(i.LCD_Display_Dir) for LCD_Display_Dir
    test.o(i.main) refers to led.o(i.LED_Init) for LED_Init
    test.o(i.main) refers to key.o(i.KEY_Init) for KEY_Init
    test.o(i.main) refers to delay.o(i.delay_ms) for delay_ms
    test.o(i.main) refers to noretval__2printf.o(.text) for __2printf
    test.o(i.main) refers to rtc.o(i.RTC_Init) for RTC_Init
    test.o(i.main) refers to ui.o(i.display_jing) for display_jing
    test.o(i.main) refers to ili93xx.o(i.LCD_ShowNum) for LCD_ShowNum
    test.o(i.main) refers to ili93xx.o(i.LCD_ShowString) for LCD_ShowString
    test.o(i.main) refers to dflt_clz.o(x$fpl$dfltu) for __aeabi_ui2d
    test.o(i.main) refers to dmul.o(x$fpl$dmul) for __aeabi_dmul
    test.o(i.main) refers to ddiv.o(x$fpl$ddiv) for __aeabi_ddiv
    test.o(i.main) refers to d2f.o(x$fpl$d2f) for __aeabi_d2f
    test.o(i.main) refers to f2d.o(x$fpl$f2d) for __aeabi_f2d
    test.o(i.main) refers to noretval__2sprintf.o(.text) for __2sprintf
    test.o(i.main) refers to ui.o(i.display_dong) for display_dong
    test.o(i.main) refers to usmart_config.o(.data) for usmart_dev
    test.o(i.main) refers to ili93xx.o(.data) for POINT_COLOR
    test.o(i.main) refers to rtc.o(.bss) for calendar
    test.o(i.main) refers to timer.o(.data) for quanshu_tenfold
    ui.o(i.display_dong) refers to ffixu.o(x$fpl$ffixu) for __aeabi_f2uiz
    ui.o(i.display_dong) refers to f2d.o(x$fpl$f2d) for __aeabi_f2d
    ui.o(i.display_dong) refers to daddsub_clz.o(x$fpl$dadd) for __aeabi_dadd
    ui.o(i.display_dong) refers to dfix.o(x$fpl$dfix) for __aeabi_d2iz
    ui.o(i.display_dong) refers to ili93xx.o(i.LCD_Fill) for LCD_Fill
    ui.o(i.display_dong) refers to ui.o(.data) for color
    ui.o(i.display_jing) refers to ili93xx.o(i.LCD_Init) for LCD_Init
    ui.o(i.display_jing) refers to ili93xx.o(i.LCD_Display_Dir) for LCD_Display_Dir
    ui.o(i.display_jing) refers to rand.o(.text) for srand
    ui.o(i.display_jing) refers to image2lcd.o(i.image_display) for image_display
    ui.o(i.display_jing) refers to ili93xx.o(i.LCD_DrawLine) for LCD_DrawLine
    ui.o(i.display_jing) refers to ili93xx.o(i.LCD_ShowxNum) for LCD_ShowxNum
    ui.o(i.display_jing) refers to ili93xx.o(i.LCD_DrawRectangle) for LCD_DrawRectangle
    ui.o(i.display_jing) refers to ili93xx.o(i.LCD_ShowString) for LCD_ShowString
    ui.o(i.display_jing) refers to image1.o(.constdata) for gImage_image1
[...]
    ..\SYSTEM\usart\usart.c                  0x00000000   Number         0  usart.o ABSOLUTE
    ..\USMART\usmart.c                       0x00000000   Number         0  usmart.o ABSOLUTE
    ..\USMART\usmart_config.c                0x00000000   Number         0  usmart_config.o ABSOLUTE
    ..\USMART\usmart_str.c                   0x00000000   Number         0  usmart_str.o ABSOLUTE
    ..\\SYSTEM\\sys\\sys.c                   0x00000000   Number         0  sys.o ABSOLUTE
    UI.c                                     0x00000000   Number         0  ui.o ABSOLUTE
    dc.s                                     0x00000000   Number         0  dc.o ABSOLUTE
    startup_stm32f10x_hd.s                   0x00000000   Number         0  startup_stm32f10x_hd.o ABSOLUTE
    test.c                                   0x00000000   Number         0  test.o ABSOLUTE
    RESET                                    0x08000000   Section      304  startup_stm32f10x_hd.o(RESET)
    !!!main                                  0x08000130   Section        8  __main.o(!!!main)
    !!!scatter                               0x08000138   Section       52  __scatter.o(!!!scatter)
    !!dczerorl2                              0x0800016c   Section       90  __dczerorl2.o(!!dczerorl2)
    !!handler_zi                             0x080001c8   Section       28  __scatter_zi.o(!!handler_zi)
    .ARM.Collect$$_printf_percent$$00000000  0x080001e4   Section        0  _printf_percent.o(.ARM.Collect$$_printf_percent$$00000000)
    .ARM.Collect$$_printf_percent$$00000003  0x080001e4   Section        6  _printf_f.o(.ARM.Collect$$_printf_percent$$00000003)
    .ARM.Collect$$_printf_percent$$00000009  0x080001ea   Section        6  _printf_d.o(.ARM.Collect$$_printf_percent$$00000009)
    .ARM.Collect$$_printf_percent$$0000000A  0x080001f0   Section        6  _printf_u.o(.ARM.Collect$$_printf_percent$$0000000A)
    .ARM.Collect$$_printf_percent$$0000000C  0x080001f6   Section        6  _printf_x.o(.ARM.Collect$$_printf_percent$$0000000C)
    .ARM.Collect$$_printf_percent$$00000013  0x080001fc   Section        6  _printf_c.o(.ARM.Collect$$_printf_percent$$00000013)
    .ARM.Collect$$_printf_percent$$00000014  0x08000202   Section        6  _printf_s.o(.ARM.Collect$$_printf_percent$$00000014)
    .ARM.Collect$$_printf_percent$$00000017  0x08000208   Section        4  _printf_percent_end.o(.ARM.Collect$$_printf_percent$$00000017)
    .ARM.Collect$$libinit$$00000000          0x0800020c   Section        2  libinit.o(.ARM.Collect$$libinit$$00000000)
    .ARM.Collect$$libinit$$00000002          0x0800020e   Section        0  libinit2.o(.ARM.Collect$$libinit$$00000002)
    .ARM.Collect$$libinit$$00000008          0x0800020e   Section        0  libinit2.o(.ARM.Collect$$libinit$$00000008)
    .ARM.Collect$$libinit$$0000000A          0x0800020e   Section        0  libinit2.o(.ARM.Collect$$libinit$$0000000A)
    .ARM.Collect$$libinit$$0000000B          0x0800020e   Section        4  libinit2.o(.ARM.Collect$$libinit$$0000000B)
    .ARM.Collect$$libinit$$0000000C          0x08000212   Section        0  libinit2.o(.ARM.Collect$$libinit$$0000000C)
    .ARM.Collect$$libinit$$0000000D          0x08000212   Section        6  libinit2.o(.ARM.Collect$$libinit$$0000000D)
    .ARM.Collect$$libinit$$0000000F          0x08000218   Section        0  libinit2.o(.ARM.Collect$$libinit$$0000000F)
    .ARM.Collect$$libinit$$00000011          0x08000218   Section        0  libinit2.o(.ARM.Collect$$libinit$$00000011)
    .ARM.Collect$$libinit$$00000013          0x08000218   Section        0  libinit2.o(.ARM.Collect$$libinit$$00000013)
    .ARM.Collect$$libinit$$00000014          0x08000218   Section       10  libinit2.o(.ARM.Collect$$libinit$$00000014)
    .ARM.Collect$$libinit$$00000015          0x08000222   Section        0  libinit2.o(.ARM.Collect$$libinit$$00000015)
    .ARM.Collect$$libinit$$00000017          0x08000222   Section        0  libinit2.o(.ARM.Collect$$libinit$$00000017)
    .ARM.Collect$$libinit$$00000019          0x08000222   Section        0  libinit2.o(.ARM.Collect$$libinit$$00000019)
    .ARM.Collect$$libinit$$0000001B          0x08000222   Section        0  libinit2.o(.ARM.Collect$$libinit$$0000001B)
    .ARM.Collect$$libinit$$0000001D          0x08000222   Section        0  libinit2.o(.ARM.Collect$$libinit$$0000001D)
    .ARM.Collect$$libinit$$0000001F          0x08000222   Section        0  libinit2.o(.ARM.Collect$$libinit$$0000001F)
    .ARM.Collect$$libinit$$00000021          0x08000222   Section        0  libinit2.o(.ARM.Collect$$libinit$$00000021)
    .ARM.Collect$$libinit$$00000023          0x08000222   Section        0  libinit2.o(.ARM.Collect$$libinit$$00000023)
    .ARM.Collect$$libinit$$0000002A          0x08000222   Section        0  libinit2.o(.ARM.Collect$$libinit$$0000002A)
    .ARM.Collect$$libinit$$0000002C          0x08000222   Section        0  libinit2.o(.ARM.Collect$$libinit$$0000002C)
    .ARM.Collect$$libinit$$0000002E          0x08000222   Section        0  libinit2.o(.ARM.Collect$$libinit$$0000002E)
    .ARM.Collect$$libinit$$00000030          0x08000222   Section        0  libinit2.o(.ARM.Collect$$libinit$$00000030)
    .ARM.Collect$$libinit$$00000031          0x08000222   Section        2  libinit2.o(.ARM.Collect$$libinit$$00000031)
    .ARM.Collect$$libshutdown$$00000000      0x08000224   Section        2  libshutdown.o(.ARM.Collect$$libshutdown$$00000000)
    .ARM.Collect$$libshutdown$$00000003      0x08000226   Section        0  libshutdown2.o(.ARM.Collect$$libshutdown$$00000003)
    .ARM.Collect$$libshutdown$$00000006      0x08000226   Section        0  libshutdown2.o(.ARM.Collect$$libshutdown$$00000006)
    .ARM.Collect$$libshutdown$$00000009      0x08000226   Section        0  libshutdown2.o(.ARM.Collect$$libshutdown$$00000009)
    .ARM.Collect$$libshutdown$$0000000B      0x08000226   Section        0  libshutdown2.o(.ARM.Collect$$libshutdown$$0000000B)
    .ARM.Collect$$libshutdown$$0000000E      0x08000226   Section        0  libshutdown2.o(.ARM.Collect$$libshutdown$$0000000E)
    .ARM.Collect$$libshutdown$$0000000F      0x08000226   Section        2  libshutdown2.o(.ARM.Collect$$libshutdown$$0000000F)
    .ARM.Collect$$rtentry$$00000000          0x08000228   Section        0  rtentry.o(.ARM.Collect$$rtentry$$00000000)
    .ARM.Collect$$rtentry$$00000002          0x08000228   Section        0  rtentry2.o(.ARM.Collect$$rtentry$$00000002)
    .ARM.Collect$$rtentry$$00000004          0x08000228   Section        6  rtentry4.o(.ARM.Collect$$rtentry$$00000004)
    .ARM.Collect$$rtentry$$00000009          0x0800022e   Section        0  rtentry2.o(.ARM.Collect$$rtentry$$00000009)
    .ARM.Collect$$rtentry$$0000000A          0x0800022e   Section        4  rtentry2.o(.ARM.Collect$$rtentry$$0000000A)
    .ARM.Collect$$rtentry$$0000000C          0x08000232   Section        0  rtentry2.o(.ARM.Collect$$rtentry$$0000000C)
    .ARM.Collect$$rtentry$$0000000D          0x08000232   Section        8  rtentry2.o(.ARM.Collect$$rtentry$$0000000D)
    .ARM.Collect$$rtexit$$00000000           0x0800023a   Section        2  rtexit.o(.ARM.Collect$$rtexit$$00000000)
    .ARM.Collect$$rtexit$$00000002           0x0800023c   Section        0  rtexit2.o(.ARM.Collect$$rtexit$$00000002)
    .ARM.Collect$$rtexit$$00000003           0x0800023c   Section        4  rtexit2.o(.ARM.Collect$$rtexit$$00000003)
    .ARM.Collect$$rtexit$$00000004           0x08000240   Section        6  rtexit2.o(.ARM.Collect$$rtexit$$00000004)
    .text                                    0x08000248   Section       52  startup_stm32f10x_hd.o(.text)
    .text                                    0x0800027c   Section        2  use_no_semi_2.o(.text)
    .text                                    0x08000280   Section        0  noretval__2printf.o(.text)
    .text                                    0x08000298   Section        0  noretval__2sprintf.o(.text)
    .text                                    0x080002c0   Section        0  _printf_pad.o(.text)
    .text                                    0x0800030e   Section        0  _printf_str.o(.text)
    .text                                    0x08000360   Section        0  _printf_dec.o(.text)
    .text                                    0x080003d4   Section        0  _printf_hex_int.o(.text)
    .text                                    0x0800042c   Section        0  __printf_flags_ss_wp.o(.text)
    .text                                    0x080005b4   Section        0  rand.o(.text)
    .text                                    0x080005f0   Section        0  heapauxi.o(.text)
    .text                                    0x080005f6   Section        2  use_no_semi.o(.text)
    .text                                    0x080005f8   Section        0  _printf_intcommon.o(.text)
    .text                                    0x080006aa   Section        0  _printf_fp_dec.o(.text)
    _fp_digits                               0x080006ad   Thumb Code   428  _printf_fp_dec.o(.text)
    .text                                    0x08000ac0   Section        0  _printf_char_common.o(.text)
    _printf_input_char                       0x08000ac1   Thumb Code    10  _printf_char_common.o(.text)
    .text                                    0x08000af0   Section        0  _sputc.o(.text)
    .text                                    0x08000afa   Section        0  _printf_char.o(.text)
    .text                                    0x08000b28   Section        0  _printf_char_file.o(.text)
    .text                                    0x08000b4c   Section        8  rt_locale_intlibspace.o(.text)
    .text                                    0x08000b54   Section      138  lludiv10.o(.text)
    .text                                    0x08000be0   Section        0  _printf_fp_infnan.o(.text)
    .text                                    0x08000c60   Section        0  bigflt0.o(.text)
    .text                                    0x08000d38   Section        0  ferror.o(.text)
    .text                                    0x08000d40   Section        8  libspace.o(.text)
    .text                                    0x08000d48   Section       74  sys_stackheap_outer.o(.text)
    .text                                    0x08000d92   Section        0  exit.o(.text)
    .text                                    0x08000da0   Section      128  strcmpv7m.o(.text)
    CL$$btod_d2e                             0x08000e20   Section       62  btod.o(CL$$btod_d2e)
    CL$$btod_d2e_denorm_low                  0x08000e5e   Section       70  btod.o(CL$$btod_d2e_denorm_low)
    CL$$btod_d2e_norm_op1                    0x08000ea4   Section       96  btod.o(CL$$btod_d2e_norm_op1)
    CL$$btod_div_common                      0x08000f04   Section      824  btod.o(CL$$btod_div_common)
    CL$$btod_e2e                             0x0800123c   Section      198  btod.o(CL$$btod_e2e)
    CL$$btod_ediv                            0x08001302   Section       40  btod.o(CL$$btod_ediv)
    CL$$btod_emul                            0x0800132a   Section       40  btod.o(CL$$btod_emul)
    CL$$btod_mult_common                     0x08001352   Section      580  btod.o(CL$$btod_mult_common)
    i.EXTI0_IRQHandler                       0x08001598   Section        0  exti.o(i.EXTI0_IRQHandler)
    i.EXTI2_IRQHandler                       0x080015cc   Section        0  exti.o(i.EXTI2_IRQHandler)
    i.EXTI4_IRQHandler                       0x080015e8   Section        0  exti.o(i.EXTI4_IRQHandler)
    i.EXTIX_Init                             0x08001604   Section        0  exti.o(i.EXTIX_Init)
    i.Ex_NVIC_Config                         0x08001650   Section        0  sys.o(i.Ex_NVIC_Config)
    i.Is_Leap_Year                           0x080016f0   Section        0  rtc.o(i.Is_Leap_Year)
    i.KEY_Init                               0x0800172c   Section        0  key.o(i.KEY_Init)
    i.LCD_BGR2RGB                            0x08001798   Section        0  ili93xx.o(i.LCD_BGR2RGB)
    i.LCD_Clear                              0x080017b4   Section        0  ili93xx.o(i.LCD_Clear)
    i.LCD_Display_Dir                        0x08001820   Section        0  ili93xx.o(i.LCD_Display_Dir)
    i.LCD_DrawLine                           0x080019e0   Section        0  ili93xx.o(i.LCD_DrawLine)
    i.LCD_DrawPoint                          0x08001a90   Section        0  ili93xx.o(i.LCD_DrawPoint)
    i.LCD_DrawRectangle                      0x08001ab4   Section        0  ili93xx.o(i.LCD_DrawRectangle)
    i.LCD_Draw_Circle                        0x08001af0   Section        0  ili93xx.o(i.LCD_Draw_Circle)
    i.LCD_Fast_DrawPoint                     0x08001b88   Section        0  ili93xx.o(i.LCD_Fast_DrawPoint)
    i.LCD_Fill                               0x08001d04   Section        0  ili93xx.o(i.LCD_Fill)
    i.LCD_Init                               0x08001dc0   Section        0  ili93xx.o(i.LCD_Init)
    i.LCD_Pow                                0x08005590   Section        0  ili93xx.o(i.LCD_Pow)
    i.LCD_RD_DATA                            0x080055a8   Section        0  ili93xx.o(i.LCD_RD_DATA)
    i.LCD_ReadPoint                          0x080055bc   Section        0  ili93xx.o(i.LCD_ReadPoint)
    i.LCD_ReadReg                            0x08005728   Section        0  ili93xx.o(i.LCD_ReadReg)
    i.LCD_SSD_BackLightSet                   0x08005740   Section        0  ili93xx.o(i.LCD_SSD_BackLightSet)
    i.LCD_Scan_Dir                           0x08005794   Section        0  ili93xx.o(i.LCD_Scan_Dir)
    i.LCD_SetCursor                          0x08005a80   Section        0  ili93xx.o(i.LCD_SetCursor)
    i.LCD_Set_Window                         0x08005c28   Section        0  ili93xx.o(i.LCD_Set_Window)
    i.LCD_ShowChar                           0x08005e3c   Section        0  ili93xx.o(i.LCD_ShowChar)
    i.LCD_ShowNum                            0x08005f60   Section        0  ili93xx.o(i.LCD_ShowNum)
    i.LCD_ShowString                         0x08005ff4   Section        0  ili93xx.o(i.LCD_ShowString)
    i.LCD_ShowxNum                           0x0800605a   Section        0  ili93xx.o(i.LCD_ShowxNum)
    i.LCD_WR_DATA                            0x08006118   Section        0  ili93xx.o(i.LCD_WR_DATA)
    i.LCD_WR_REG                             0x08006124   Section        0  ili93xx.o(i.LCD_WR_REG)
    i.LCD_WriteRAM_Prepare                   0x08006130   Section        0  ili93xx.o(i.LCD_WriteRAM_Prepare)
    i.LCD_WriteReg                           0x08006144   Section        0  ili93xx.o(i.LCD_WriteReg)
    i.LED_Init                               0x08006154   Section        0  led.o(i.LED_Init)
    i.MYRCC_DeInit                           0x080061c4   Section        0  sys.o(i.MYRCC_DeInit)
    i.MY_NVIC_Init                           0x0800622c   Section        0  sys.o(i.MY_NVIC_Init)
    i.MY_NVIC_PriorityGroupConfig            0x080062a4   Section        0  sys.o(i.MY_NVIC_PriorityGroupConfig)
    i.MY_NVIC_SetVectorTable                 0x080062cc   Section        0  sys.o(i.MY_NVIC_SetVectorTable)
    i.RTC_Get                                0x080062e0   Section        0  rtc.o(i.RTC_Get)
    i.RTC_Get_Week                           0x080063e8   Section        0  rtc.o(i.RTC_Get_Week)
    i.RTC_IRQHandler                         0x08006460   Section        0  rtc.o(i.RTC_IRQHandler)
    i.RTC_Init                               0x080064a8   Section        0  rtc.o(i.RTC_Init)
    i.RTC_Set                                0x08006630   Section        0  rtc.o(i.RTC_Set)
    i.Stm32_Clock_Init                       0x08006744   Section        0  sys.o(i.Stm32_Clock_Init)
    i.TIM3_IRQHandler                        0x080067d4   Section        0  timer.o(i.TIM3_IRQHandler)
    i.TIM3_Int_Init                          0x080068b4   Section        0  timer.o(i.TIM3_Int_Init)
    i.TIM4_IRQHandler                        0x08006904   Section        0  usmart.o(i.TIM4_IRQHandler)
    i.Timer4_Init                            0x08006940   Section        0  usmart.o(i.Timer4_Init)
    i.USART1_IRQHandler                      0x08006990   Section        0  usart.o(i.USART1_IRQHandler)
    i.__ARM_fpclassify                       0x08006a14   Section        0  fpclassify.o(i.__ARM_fpclassify)
    i._is_digit                              0x08006a3c   Section        0  __printf_wp.o(i._is_digit)
    i._sys_exit                              0x08006a4a   Section        0  usart.o(i._sys_exit)
    i.delay_init                             0x08006a50   Section        0  delay.o(i.delay_init)
    i.delay_ms                               0x08006a90   Section        0  delay.o(i.delay_ms)
    i.delay_us                               0x08006acc   Section        0  delay.o(i.delay_us)
    i.display_dong                           0x08006b08   Section        0  ui.o(i.display_dong)
    i.display_jing                           0x08006c8c   Section        0  ui.o(i.display_jing)
    i.fputc                                  0x08006e94   Section        0  usart.o(i.fputc)
    i.image_display                          0x08006eb0   Section        0  image2lcd.o(i.image_display)
    i.image_getcolor                         0x08006eda   Section        0  image2lcd.o(i.image_getcolor)
    i.image_show                             0x08006ef8   Section        0  image2lcd.o(i.image_show)
    i.main                                   0x08006f84   Section        0  test.o(i.main)
    i.opt_delay                              0x080071a8   Section        0  ili93xx.o(i.opt_delay)
    i.read_addr                              0x080071b6   Section        0  usmart.o(i.read_addr)
    i.uart_init                              0x080071bc   Section        0  usart.o(i.uart_init)
    i.usmart_cmd_rec                         0x08007298   Section        0  usmart.o(i.usmart_cmd_rec)
    i.usmart_exe                             0x08007348   Section        0  usmart.o(i.usmart_exe)
    i.usmart_get_aparm                       0x0800761c   Section        0  usmart_str.o(i.usmart_get_aparm)
    i.usmart_get_cmdname                     0x080076f0   Section        0  usmart_str.o(i.usmart_get_cmdname)
    i.usmart_get_fname                       0x08007728   Section        0  usmart_str.o(i.usmart_get_fname)
    i.usmart_get_fparam                      0x080078e8   Section        0  usmart_str.o(i.usmart_get_fparam)
    i.usmart_get_parmpos                     0x080079f4   Section        0  usmart_str.o(i.usmart_get_parmpos)
    i.usmart_get_runtime                     0x08007a14   Section        0  usmart.o(i.usmart_get_runtime)
    i.usmart_init                            0x08007a54   Section        0  usmart.o(i.usmart_init)
    i.usmart_pow                             0x08007a7c   Section        0  usmart_str.o(i.usmart_pow)
    i.usmart_reset_runtime                   0x08007a94   Section        0  usmart.o(i.usmart_reset_runtime)
    i.usmart_scan                            0x08007ac4   Section        0  usmart.o(i.usmart_scan)
    i.usmart_search_nextc                    0x08007b80   Section        0  usmart_str.o(i.usmart_search_nextc)
    i.usmart_str2num                         0x08007b96   Section        0  usmart_str.o(i.usmart_str2num)
    i.usmart_strcmp                          0x08007c9c   Section        0  usmart_str.o(i.usmart_strcmp)
    i.usmart_strcopy                         0x08007cbe   Section        0  usmart_str.o(i.usmart_strcopy)
    i.usmart_strlen                          0x08007cd4   Section        0  usmart_str.o(i.usmart_strlen)
    i.usmart_sys_cmd_exe                     0x08007cec   Section        0  usmart.o(i.usmart_sys_cmd_exe)
    i.write_addr                             0x080083e0   Section        0  usmart.o(i.write_addr)
    locale$$code                             0x080083e4   Section       44  lc_numeric_c.o(locale$$code)
    x$fpl$d2f                                0x08008410   Section       98  d2f.o(x$fpl$d2f)
    x$fpl$dadd                               0x08008474   Section      336  daddsub_clz.o(x$fpl$dadd)
    _dadd1                                   0x08008485   Thumb Code     0  daddsub_clz.o(x$fpl$dadd)
    x$fpl$ddiv                               0x080085c4   Section      688  ddiv.o(x$fpl$ddiv)
    ddiv_entry                               0x080085cb   Thumb Code     0  ddiv.o(x$fpl$ddiv)
    x$fpl$dfix                               0x08008874   Section       94  dfix.o(x$fpl$dfix)
    x$fpl$dfixu                              0x080088d4   Section       90  dfixu.o(x$fpl$dfixu)
    x$fpl$dfltu                              0x0800892e   Section       38  dflt_clz.o(x$fpl$dfltu)
    x$fpl$dmul                               0x08008954   Section      340  dmul.o(x$fpl$dmul)
    x$fpl$dnaninf                            0x08008aa8   Section      156  dnaninf.o(x$fpl$dnaninf)
    x$fpl$dretinf                            0x08008b44   Section       12  dretinf.o(x$fpl$dretinf)
    x$fpl$dsub                               0x08008b50   Section      468  daddsub_clz.o(x$fpl$dsub)
    _dsub1                                   0x08008b61   Thumb Code     0  daddsub_clz.o(x$fpl$dsub)
    x$fpl$f2d                                0x08008d24   Section       86  f2d.o(x$fpl$f2d)
    x$fpl$fadd                               0x08008d7c   Section      196  faddsub_clz.o(x$fpl$fadd)
    _fadd1                                   0x08008d8b   Thumb Code     0  faddsub_clz.o(x$fpl$fadd)
    x$fpl$fdiv                               0x08008e40   Section      388  fdiv.o(x$fpl$fdiv)
    _fdiv1                                   0x08008e41   Thumb Code     0  fdiv.o(x$fpl$fdiv)
    x$fpl$ffixu                              0x08008fc4   Section       62  ffixu.o(x$fpl$ffixu)
    x$fpl$ffltu                              0x08009004   Section       38  fflt_clz.o(x$fpl$ffltu)
    x$fpl$fmul                               0x0800902c   Section      258  fmul.o(x$fpl$fmul)
    x$fpl$fnaninf                            0x0800912e   Section      140  fnaninf.o(x$fpl$fnaninf)
    x$fpl$fretinf                            0x080091ba   Section       10  fretinf.o(x$fpl$fretinf)
    x$fpl$frsb                               0x080091c4   Section       20  faddsub_clz.o(x$fpl$frsb)
    x$fpl$fsub                               0x080091d8   Section      234  faddsub_clz.o(x$fpl$fsub)
    _fsub1                                   0x080091e7   Thumb Code     0  faddsub_clz.o(x$fpl$fsub)
    x$fpl$printf1                            0x080092c2   Section        4  printf1.o(x$fpl$printf1)
    .constdata                               0x080092c6   Section    11020  ili93xx.o(.constdata)
    x$fpl$usenofp                            0x080092c6   Section        0  usenofp.o(x$fpl$usenofp)
    .constdata                               0x0800bdd2   Section       24  rtc.o(.constdata)
    .constdata                               0x0800bdea   Section    20008  image1.o(.constdata)
    .constdata                               0x08010c12   Section       40  _printf_hex_int.o(.constdata)
    uc_hextab                                0x08010c12   Data          20  _printf_hex_int.o(.constdata)
    lc_hextab                                0x08010c26   Data          20  _printf_hex_int.o(.constdata)
    .constdata                               0x08010c3a   Section       17  __printf_flags_ss_wp.o(.constdata)
    maptable                                 0x08010c3a   Data          17  __printf_flags_ss_wp.o(.constdata)
    .constdata                               0x08010c4c   Section      148  bigflt0.o(.constdata)
    tenpwrs_x                                0x08010c4c   Data          60  bigflt0.o(.constdata)
    tenpwrs_i                                0x08010c88   Data          64  bigflt0.o(.constdata)
    .conststring                             0x08010ce0   Section       40  usmart.o(.conststring)
    .conststring                             0x08010d08   Section      647  usmart_config.o(.conststring)
    locale$$data                             0x08010fb0   Section       28  lc_numeric_c.o(locale$$data)
    __lcnum_c_name                           0x08010fb4   Data           2  lc_numeric_c.o(locale$$data)
    __lcnum_c_start                          0x08010fbc   Data           0  lc_numeric_c.o(locale$$data)
    __lcnum_c_point                          0x08010fc8   Data           0  lc_numeric_c.o(locale$$data)
    __lcnum_c_thousands                      0x08010fca   Data           0  lc_numeric_c.o(locale$$data)
    __lcnum_c_grouping                       0x08010fcb   Data           0  lc_numeric_c.o(locale$$data)
    __lcnum_c_end                            0x08010fcc   Data           0  lc_numeric_c.o(locale$$data)
    .data                                    0x20000000   Section        2  ui.o(.data)
    .data                                    0x20000002   Section        4  delay.o(.data)
    fac_us                                   0x20000002   Data           1  delay.o(.data)
    fac_ms                                   0x20000004   Data           2  delay.o(.data)
    .data                                    0x20000008   Section        6  usart.o(.data)
    .data                                    0x2000000e   Section        4  ili93xx.o(.data)
    .data                                    0x20000012   Section        4  exti.o(.data)
    .data                                    0x20000016   Section        2  rtc.o(.data)
    daycnt                                   0x20000016   Data           2  rtc.o(.data)
    .data                                    0x20000018   Section       10  timer.o(.data)
    .data                                    0x20000024   Section       28  usmart.o(.data)
    .data                                    0x20000040   Section      364  usmart_config.o(.data)
    .bss                                     0x200001ac   Section      200  usart.o(.bss)
    .bss                                     0x20000274   Section       14  ili93xx.o(.bss)
    .bss                                     0x20000282   Section       10  rtc.o(.bss)
    .bss                                     0x2000028c   Section      228  rand.o(.bss)
    .bss                                     0x20000370   Section       96  libspace.o(.bss)
    HEAP                                     0x200003d0   Section        0  startup_stm32f10x_hd.o(HEAP)
    STACK                                    0x200003d0   Section     1024  startup_stm32f10x_hd.o(STACK)
    Heap_Mem                                 0x200003d0   Data           0  startup_stm32f10x_hd.o(HEAP)
    Stack_Mem                                0x200003d0   Data        1024  startup_stm32f10x_hd.o(STACK)
    __initial_sp                             0x200007d0   Data           0  startup_stm32f10x_hd.o(STACK)

    Global Symbols

    Symbol Name                              Value     Ov Type        Size  Object(Section)

    BuildAttributes$$THM_ISAv4$P$D$K$B$S$PE$A:L22UL41UL21$X:L11$S22US41US21$IEEE1$IW$USESV6$~STKCKD$USESV7$~SHL$OTIME$ROPI$IEEEJ$EBA8$UX$STANDARDLIB$REQ8$PRES8$EABIv2 0x00000000   Number         0  anon$$obj.o ABSOLUTE
    __ARM_use_no_argv                        0x00000000   Number         0  test.o ABSOLUTE
    _printf_flags                            0x00000000   Number         0  printf_stubs.o ABSOLUTE
    _printf_return_value                     0x00000000   Number         0  printf_stubs.o ABSOLUTE
    _printf_sizespec                         0x00000000   Number         0  printf_stubs.o ABSOLUTE
    _printf_widthprec                        0x00000000   Number         0  printf_stubs.o ABSOLUTE
    __ARM_exceptions_init                     - Undefined Weak Reference
    __alloca_initialize                       - Undefined Weak Reference
    __cpp_initialize__aeabi_                  - Undefined Weak Reference
    __cxa_finalize                            - Undefined Weak Reference
    __sigvec_lookup                           - Undefined Weak Reference
    _atexit_init                              - Undefined Weak Reference
    _call_atexit_fns                          - Undefined Weak Reference
    _clock_init                               - Undefined Weak Reference
    _fp_trap_init                             - Undefined Weak Reference
    _fp_trap_shutdown                         - Undefined Weak Reference
    _get_lc_collate                           - Undefined Weak Reference
    _get_lc_ctype                             - Undefined Weak Reference
    _get_lc_monetary                          - Undefined Weak Reference
    _get_lc_time                              - Undefined Weak Reference
    _getenv_init                              - Undefined Weak Reference
    _handle_redirection                       - Undefined Weak Reference
    _init_alloc                               - Undefined Weak Reference
    _init_user_alloc                          - Undefined Weak Reference
    _initio                                   - Undefined Weak Reference
    _mutex_acquire                            - Undefined Weak Reference
    _mutex_release                            - Undefined Weak Reference
    _printf_mbtowc                            - Undefined Weak Reference
    _printf_truncate_signed                   - Undefined Weak Reference
    _printf_truncate_unsigned                 - Undefined Weak Reference
    _signal_finish                            - Undefined Weak Reference
    _signal_init                              - Undefined Weak Reference
    _terminate_alloc                          - Undefined Weak Reference
    _terminate_user_alloc                     - Undefined Weak Reference
    _terminateio                              - Undefined Weak Reference
    __Vectors_Size                           0x00000130   Number         0  startup_stm32f10x_hd.o ABSOLUTE
    __Vectors                                0x08000000   Data           4  startup_stm32f10x_hd.o(RESET)
    __Vectors_End                            0x08000130   Data           0  startup_stm32f10x_hd.o(RESET)
    __main                                   0x08000131   Thumb Code     8  __main.o(!!!main)
    __scatterload                            0x08000139   Thumb Code     0  __scatter.o(!!!scatter)
    __scatterload_rt2                        0x08000139   Thumb Code    44  __scatter.o(!!!scatter)
    __scatterload_rt2_thumb_only             0x08000139   Thumb Code     0  __scatter.o(!!!scatter)
    __scatterload_null                       0x08000147   Thumb Code     0  __scatter.o(!!!scatter)
    __decompress                             0x0800016d   Thumb Code    90  __dczerorl2.o(!!dczerorl2)
    __decompress1                            0x0800016d   Thumb Code     0  __dczerorl2.o(!!dczerorl2)
    __scatterload_zeroinit                   0x080001c9   Thumb Code    28  __scatter_zi.o(!!handler_zi)
    _printf_f                                0x080001e5   Thumb Code     0  _printf_f.o(.ARM.Collect$$_printf_percent$$00000003)
    _printf_percent                          0x080001e5   Thumb Code     0  _printf_percent.o(.ARM.Collect$$_printf_percent$$00000000)
    _printf_d                                0x080001eb   Thumb Code     0  _printf_d.o(.ARM.Collect$$_printf_percent$$00000009)
    _printf_u                                0x080001f1   Thumb Code     0  _printf_u.o(.ARM.Collect$$_printf_percent$$0000000A)
    _printf_x                                0x080001f7   Thumb Code     0  _printf_x.o(.ARM.Collect$$_printf_percent$$0000000C)
    _printf_c                                0x080001fd   Thumb Code     0  _printf_c.o(.ARM.Collect$$_printf_percent$$00000013)
    _printf_s                                0x08000203   Thumb Code     0  _printf_s.o(.ARM.Collect$$_printf_percent$$00000014)
    _printf_percent_end                      0x08000209   Thumb Code     0  _printf_percent_end.o(.ARM.Collect$$_printf_percent$$00000017)
    __rt_lib_init                            0x0800020d   Thumb Code     0  libinit.o(.ARM.Collect$$libinit$$00000000)
    __rt_lib_init_fp_1                       0x0800020f   Thumb Code     0  libinit2.o(.ARM.Collect$$libinit$$00000002)
    __rt_lib_init_heap_1                     0x0800020f   Thumb Code     0  libinit2.o(.ARM.Collect$$libinit$$00000008)
    __rt_lib_init_rand_2                     0x0800020f   Thumb Code     0  libinit2.o(.ARM.Collect$$libinit$$0000000B)
    __rt_lib_init_user_alloc_1               0x0800020f   Thumb Code     0  libinit2.o(.ARM.Collect$$libinit$$0000000A)
    __rt_lib_init_lc_common                  0x08000213   Thumb Code     0  libinit2.o(.ARM.Collect$$libinit$$0000000D)
    __rt_lib_init_rand_1                     0x08000213   Thumb Code     0  libinit2.o(.ARM.Collect$$libinit$$0000000C)
    __rt_lib_init_lc_collate_1               0x08000219   Thumb Code     0  libinit2.o(.ARM.Collect$$libinit$$0000000F)
    __rt_lib_init_lc_ctype_1                 0x08000219   Thumb Code     0  libinit2.o(.ARM.Collect$$libinit$$00000011)
    __rt_lib_init_lc_monetary_1              0x08000219   Thumb Code     0  libinit2.o(.ARM.Collect$$libinit$$00000013)
    __rt_lib_init_lc_numeric_2               0x08000219   Thumb Code     0  libinit2.o(.ARM.Collect$$libinit$$00000014)
    __rt_lib_init_alloca_1                   0x08000223   Thumb Code     0  libinit2.o(.ARM.Collect$$libinit$$0000002C)
    __rt_lib_init_argv_1                     0x08000223   Thumb Code     0  libinit2.o(.ARM.Collect$$libinit$$0000002A)
    __rt_lib_init_atexit_1                   0x08000223   Thumb Code     0  libinit2.o(.ARM.Collect$$libinit$$00000019)
    __rt_lib_init_clock_1                    0x08000223   Thumb Code     0  libinit2.o(.ARM.Collect$$libinit$$0000001F)
    __rt_lib_init_cpp_1                      0x08000223   Thumb Code     0  libinit2.o(.ARM.Collect$$libinit$$00000030)
    __rt_lib_init_exceptions_1               0x08000223   Thumb Code     0  libinit2.o(.ARM.Collect$$libinit$$0000002E)
    __rt_lib_init_fp_trap_1                  0x08000223   Thumb Code     0  libinit2.o(.ARM.Collect$$libinit$$0000001D)
    __rt_lib_init_getenv_1                   0x08000223   Thumb Code     0  libinit2.o(.ARM.Collect$$libinit$$00000021)
    __rt_lib_init_lc_numeric_1               0x08000223   Thumb Code     0  libinit2.o(.ARM.Collect$$libinit$$00000015)
    __rt_lib_init_lc_time_1                  0x08000223   Thumb Code     0  libinit2.o(.ARM.Collect$$libinit$$00000017)
    __rt_lib_init_return                     0x08000223   Thumb Code     0  libinit2.o(.ARM.Collect$$libinit$$00000031)
    __rt_lib_init_signal_1                   0x08000223   Thumb Code     0  libinit2.o(.ARM.Collect$$libinit$$0000001B)
    __rt_lib_init_stdio_1                    0x08000223   Thumb Code     0  libinit2.o(.ARM.Collect$$libinit$$00000023)
    __rt_lib_shutdown                        0x08000225   Thumb Code     0  libshutdown.o(.ARM.Collect$$libshutdown$$00000000)
    __rt_lib_shutdown_fp_trap_1              0x08000227   Thumb Code     0  libshutdown2.o(.ARM.Collect$$libshutdown$$00000006)
    __rt_lib_shutdown_heap_1                 0x08000227   Thumb Code     0  libshutdown2.o(.ARM.Collect$$libshutdown$$0000000E)
    __rt_lib_shutdown_return                 0x08000227   Thumb Code     0  libshutdown2.o(.ARM.Collect$$libshutdown$$0000000F)
    __rt_lib_shutdown_signal_1               0x08000227   Thumb Code     0  libshutdown2.o(.ARM.Collect$$libshutdown$$00000009)
    __rt_lib_shutdown_stdio_1                0x08000227   Thumb Code     0  libshutdown2.o(.ARM.Collect$$libshutdown$$00000003)
    __rt_lib_shutdown_user_alloc_1           0x08000227   Thumb Code     0  libshutdown2.o(.ARM.Collect$$libshutdown$$0000000B)
    __rt_entry                               0x08000229   Thumb Code     0  rtentry.o(.ARM.Collect$$rtentry$$00000000)
    __rt_entry_presh_1                       0x08000229   Thumb Code     0  rtentry2.o(.ARM.Collect$$rtentry$$00000002)
    __rt_entry_sh                            0x08000229   Thumb Code     0  rtentry4.o(.ARM.Collect$$rtentry$$00000004)
    __rt_entry_li                            0x0800022f   Thumb Code     0  rtentry2.o(.ARM.Collect$$rtentry$$0000000A)
    __rt_entry_postsh_1                      0x0800022f   Thumb Code     0  rtentry2.o(.ARM.Collect$$rtentry$$00000009)
    __rt_entry_main                          0x08000233   Thumb Code     0  rtentry2.o(.ARM.Collect$$rtentry$$0000000D)
    __rt_entry_postli_1                      0x08000233   Thumb Code     0  rtentry2.o(.ARM.Collect$$rtentry$$0000000C)
    __rt_exit                                0x0800023b   Thumb Code     0  rtexit.o(.ARM.Collect$$rtexit$$00000000)
    __rt_exit_ls                             0x0800023d   Thumb Code     0  rtexit2.o(.ARM.Collect$$rtexit$$00000003)
    __rt_exit_prels_1                        0x0800023d   Thumb Code     0  rtexit2.o(.ARM.Collect$$rtexit$$00000002)
    __rt_exit_exit                           0x08000241   Thumb Code     0  rtexit2.o(.ARM.Collect$$rtexit$$00000004)
    Reset_Handler                            0x08000249   Thumb Code     4  startup_stm32f10x_hd.o(.text)
    NMI_Handler                              0x0800024d   Thumb Code     2  startup_stm32f10x_hd.o(.text)
    HardFault_Handler                        0x0800024f   Thumb Code     2  startup_stm32f10x_hd.o(.text)
    MemManage_Handler                        0x08000251   Thumb Code     2  startup_stm32f10x_hd.o(.text)
    BusFault_Handler                         0x08000253   Thumb Code     2  startup_stm32f10x_hd.o(.text)
    UsageFault_Handler                       0x08000255   Thumb Code     2  startup_stm32f10x_hd.o(.text)
    SVC_Handler                              0x08000257   Thumb Code     2  startup_stm32f10x_hd.o(.text)
    DebugMon_Handler                         0x08000259   Thumb Code     2  startup_stm32f10x_hd.o(.text)
    PendSV_Handler                           0x0800025b   Thumb Code     2  startup_stm32f10x_hd.o(.text)
    SysTick_Handler                          0x0800025d   Thumb Code     2  startup_stm32f10x_hd.o(.text)
    ADC1_2_IRQHandler                        0x0800025f   Thumb Code     0  startup_stm32f10x_hd.o(.text)
    ADC3_IRQHandler                          0x0800025f   Thumb Code     0  startup_stm32f10x_hd.o(.text)
    CAN1_RX1_IRQHandler                      0x0800025f   Thumb Code     0  startup_stm32f10x_hd.o(.text)
    CAN1_SCE_IRQHandler                      0x0800025f   Thumb Code     0  startup_stm32f10x_hd.o(.text)
    DMA1_Channel1_IRQHandler                 0x0800025f   Thumb Code     0  startup_stm32f10x_hd.o(.text)
    DMA1_Channel2_IRQHandler                 0x0800025f   Thumb Code     0  startup_stm32f10x_hd.o(.text)
    DMA1_Channel3_IRQHandler                 0x0800025f   Thumb Code     0  startup_stm32f10x_hd.o(.text)
    DMA1_Channel4_IRQHandler                 0x0800025f   Thumb Code     0  startup_stm32f10x_hd.o(.text)
    DMA1_Channel5_IRQHandler                 0x0800025f   Thumb Code     0  startup_stm32f10x_hd.o(.text)
    DMA1_Channel6_IRQHandler                 0x0800025f   Thumb Code     0  startup_stm32f10x_hd.o(.text)
    DMA1_Channel7_IRQHandler                 0x0800025f   Thumb Code     0  startup_stm32f10x_hd.o(.text)
    DMA2_Channel1_IRQHandler                 0x0800025f   Thumb Code     0  startup_stm32f10x_hd.o(.text)
    DMA2_Channel2_IRQHandler                 0x0800025f   Thumb Code     0  startup_stm32f10x_hd.o(.text)
    DMA2_Channel3_IRQHandler                 0x0800025f   Thumb Code     0  startup_stm32f10x_hd.o(.text)
    DMA2_Channel4_5_IRQHandler               0x0800025f   Thumb Code     0  startup_stm32f10x_hd.o(.text)
    EXTI15_10_IRQHandler                     0x0800025f   Thumb Code     0  startup_stm32f10x_hd.o(.text)
    EXTI1_IRQHandler                         0x0800025f   Thumb Code     0  startup_stm32f10x_hd.o(.text)
    EXTI3_IRQHandler                         0x0800025f   Thumb Code     0  startup_stm32f10x_hd.o(.text)
    EXTI9_5_IRQHandler                       0x0800025f   Thumb Code     0  startup_stm32f10x_hd.o(.text)
    FLASH_IRQHandler                         0x0800025f   Thumb Code     0  startup_stm32f10x_hd.o(.text)
    FSMC_IRQHandler                          0x0800025f   Thumb Code     0  startup_stm32f10x_hd.o(.text)
    I2C1_ER_IRQHandler                       0x0800025f   Thumb Code     0  startup_stm32f10x_hd.o(.text)
    I2C1_EV_IRQHandler                       0x0800025f   Thumb Code     0  startup_stm32f10x_hd.o(.text)
    I2C2_ER_IRQHandler                       0x0800025f   Thumb Code     0  startup_stm32f10x_hd.o(.text)
    I2C2_EV_IRQHandler                       0x0800025f   Thumb Code     0  startup_stm32f10x_hd.o(.text)
    PVD_IRQHandler                           0x0800025f   Thumb Code     0  startup_stm32f10x_hd.o(.text)
    RCC_IRQHandler                           0x0800025f   Thumb Code     0  startup_stm32f10x_hd.o(.text)
    RTCAlarm_IRQHandler                      0x0800025f   Thumb Code     0  startup_stm32f10x_hd.o(.text)
    SDIO_IRQHandler                          0x0800025f   Thumb Code     0  startup_stm32f10x_hd.o(.text)
    SPI1_IRQHandler                          0x0800025f   Thumb Code     0  startup_stm32f10x_hd.o(.text)
    SPI2_IRQHandler                          0x0800025f   Thumb Code     0  startup_stm32f10x_hd.o(.text)
    SPI3_IRQHandler                          0x0800025f   Thumb Code     0  startup_stm32f10x_hd.o(.text)
    TAMPER_IRQHandler                        0x0800025f   Thumb Code     0  startup_stm32f10x_hd.o(.text)
    TIM1_BRK_IRQHandler                      0x0800025f   Thumb Code     0  startup_stm32f10x_hd.o(.text)
    TIM1_CC_IRQHandler                       0x0800025f   Thumb Code     0  startup_stm32f10x_hd.o(.text)
    TIM1_TRG_COM_IRQHandler                  0x0800025f   Thumb Code     0  startup_stm32f10x_hd.o(.text)
    TIM1_UP_IRQHandler                       0x0800025f   Thumb Code     0  startup_stm32f10x_hd.o(.text)
    TIM2_IRQHandler                          0x0800025f   Thumb Code     0  startup_stm32f10x_hd.o(.text)
    TIM5_IRQHandler                          0x0800025f   Thumb Code     0  startup_stm32f10x_hd.o(.text)
    TIM6_IRQHandler                          0x0800025f   Thumb Code     0  startup_stm32f10x_hd.o(.text)
    TIM7_IRQHandler                          0x0800025f   Thumb Code     0  startup_stm32f10x_hd.o(.text)
    TIM8_BRK_IRQHandler                      0x0800025f   Thumb Code     0  startup_stm32f10x_hd.o(.text)
    TIM8_CC_IRQHandler                       0x0800025f   Thumb Code     0  startup_stm32f10x_hd.o(.text)
    TIM8_TRG_COM_IRQHandler                  0x0800025f   Thumb Code     0  startup_stm32f10x_hd.o(.text)
    TIM8_UP_IRQHandler                       0x0800025f   Thumb Code     0  startup_stm32f10x_hd.o(.text)
    UART4_IRQHandler                         0x0800025f   Thumb Code     0  startup_stm32f10x_hd.o(.text)
    UART5_IRQHandler                         0x0800025f   Thumb Code     0  startup_stm32f10x_hd.o(.text)
    USART2_IRQHandler                        0x0800025f   Thumb Code     0  startup_stm32f10x_hd.o(.text)
    USART3_IRQHandler                        0x0800025f   Thumb Code     0  startup_stm32f10x_hd.o(.text)
    USBWakeUp_IRQHandler                     0x0800025f   Thumb Code     0  startup_stm32f10x_hd.o(.text)
    USB_HP_CAN1_TX_IRQHandler                0x0800025f   Thumb Code     0  startup_stm32f10x_hd.o(.text)
    USB_LP_CAN1_RX0_IRQHandler               0x0800025f   Thumb Code     0  startup_stm32f10x_hd.o(.text)
    WWDG_IRQHandler                          0x0800025f   Thumb Code     0  startup_stm32f10x_hd.o(.text)
    __user_initial_stackheap                 0x08000261   Thumb Code     0  startup_stm32f10x_hd.o(.text)
    __use_no_semihosting                     0x0800027d   Thumb Code     2  use_no_semi_2.o(.text)
    __2printf                                0x08000281   Thumb Code    20  noretval__2printf.o(.text)
    __2sprintf                               0x08000299   Thumb Code    34  noretval__2sprintf.o(.text)
    _printf_pre_padding                      0x080002c1   Thumb Code    44  _printf_pad.o(.text)
    _printf_post_padding                     0x080002ed   Thumb Code    34  _printf_pad.o(.text)
    _printf_str                              0x0800030f   Thumb Code    82  _printf_str.o(.text)
    _printf_int_dec                          0x08000361   Thumb Code   100  _printf_dec.o(.text)
    _printf_int_hex                          0x080003d5   Thumb Code    84  _printf_hex_int.o(.text)
    _printf_longlong_hex                     0x080003d5   Thumb Code     0  _printf_hex_int.o(.text)
    __printf                                 0x0800042d   Thumb Code   388  __printf_flags_ss_wp.o(.text)
    srand                                    0x080005b5   Thumb Code    42  rand.o(.text)
    _rand_init                               0x080005df   Thumb Code     4  rand.o(.text)
    __use_two_region_memory                  0x080005f1   Thumb Code     2  heapauxi.o(.text)
    __rt_heap_escrow$2region                 0x080005f3   Thumb Code     2  heapauxi.o(.text)
    __rt_heap_expand$2region                 0x080005f5   Thumb Code     2  heapauxi.o(.text)
    __I$use$semihosting                      0x080005f7   Thumb Code     0  use_no_semi.o(.text)
    __use_no_semihosting_swi                 0x080005f7   Thumb Code     2  use_no_semi.o(.text)
    _printf_int_common                       0x080005f9   Thumb Code   178  _printf_intcommon.o(.text)
    __lib_sel_fp_printf                      0x080006ab   Thumb Code     2  _printf_fp_dec.o(.text)
    _printf_fp_dec_real                      0x08000859   Thumb Code   616  _printf_fp_dec.o(.text)
    _printf_char_common                      0x08000acb   Thumb Code    32  _printf_char_common.o(.text)
    _sputc                                   0x08000af1   Thumb Code    10  _sputc.o(.text)
    _printf_cs_common                        0x08000afb   Thumb Code    20  _printf_char.o(.text)
    _printf_char                             0x08000b0f   Thumb Code    16  _printf_char.o(.text)
    _printf_string                           0x08000b1f   Thumb Code     8  _printf_char.o(.text)
    _printf_char_file                        0x08000b29   Thumb Code    32  _printf_char_file.o(.text)
    __rt_locale                              0x08000b4d   Thumb Code     8  rt_locale_intlibspace.o(.text)
    _ll_udiv10                               0x08000b55   Thumb Code   138  lludiv10.o(.text)
    _printf_fp_infnan                        0x08000be1   Thumb Code   112  _printf_fp_infnan.o(.text)
    _btod_etento                             0x08000c61   Thumb Code   212  bigflt0.o(.text)
    ferror                                   0x08000d39   Thumb Code     8  ferror.o(.text)
    __user_libspace                          0x08000d41   Thumb Code     8  libspace.o(.text)
    __user_perproc_libspace                  0x08000d41   Thumb Code     0  libspace.o(.text)
    __user_perthread_libspace                0x08000d41   Thumb Code     0  libspace.o(.text)
    __user_setup_stackheap                   0x08000d49   Thumb Code    74  sys_stackheap_outer.o(.text)
    exit                                     0x08000d93   Thumb Code    12  exit.o(.text)
    strcmp                                   0x08000da1   Thumb Code   128  strcmpv7m.o(.text)
    _btod_d2e                                0x08000e21   Thumb Code    62  btod.o(CL$$btod_d2e)
    _d2e_denorm_low                          0x08000e5f   Thumb Code    70  btod.o(CL$$btod_d2e_denorm_low)
    _d2e_norm_op1                            0x08000ea5   Thumb Code    96  btod.o(CL$$btod_d2e_norm_op1)
    __btod_div_common                        0x08000f05   Thumb Code   696  btod.o(CL$$btod_div_common)
    _e2e                                     0x0800123d   Thumb Code   198  btod.o(CL$$btod_e2e)
    _btod_ediv                               0x08001303   Thumb Code    40  btod.o(CL$$btod_ediv)
    _btod_emul                               0x0800132b   Thumb Code    40  btod.o(CL$$btod_emul)
    __btod_mult_common                       0x08001353   Thumb Code   580  btod.o(CL$$btod_mult_common)
    EXTI0_IRQHandler                         0x08001599   Thumb Code    44  exti.o(i.EXTI0_IRQHandler)
    EXTI2_IRQHandler                         0x080015cd   Thumb Code    18  exti.o(i.EXTI2_IRQHandler)
    EXTI4_IRQHandler                         0x080015e9   Thumb Code    18  exti.o(i.EXTI4_IRQHandler)
    EXTIX_Init                               0x08001605   Thumb Code    74  exti.o(i.EXTIX_Init)
    Ex_NVIC_Config                           0x08001651   Thumb Code   146  sys.o(i.Ex_NVIC_Config)
    Is_Leap_Year                             0x080016f1   Thumb Code    58  rtc.o(i.Is_Leap_Year)
    KEY_Init                                 0x0800172d   Thumb Code    94  key.o(i.KEY_Init)
    LCD_BGR2RGB                              0x08001799   Thumb Code    26  ili93xx.o(i.LCD_BGR2RGB)
    LCD_Clear                                0x080017b5   Thumb Code   100  ili93xx.o(i.LCD_Clear)
    LCD_Display_Dir                          0x08001821   Thumb Code   444  ili93xx.o(i.LCD_Display_Dir)
    LCD_DrawLine                             0x080019e1   Thumb Code   176  ili93xx.o(i.LCD_DrawLine)
    LCD_DrawPoint                            0x08001a91   Thumb Code    28  ili93xx.o(i.LCD_DrawPoint)
    LCD_DrawRectangle                        0x08001ab5   Thumb Code    60  ili93xx.o(i.LCD_DrawRectangle)
    LCD_Draw_Circle                          0x08001af1   Thumb Code   152  ili93xx.o(i.LCD_Draw_Circle)
    LCD_Fast_DrawPoint                       0x08001b89   Thumb Code   370  ili93xx.o(i.LCD_Fast_DrawPoint)
    LCD_Fill                                 0x08001d05   Thumb Code   178  ili93xx.o(i.LCD_Fill)
    LCD_Init                                 0x08001dc1   Thumb Code 14280  ili93xx.o(i.LCD_Init)
    LCD_Pow                                  0x08005591   Thumb Code    22  ili93xx.o(i.LCD_Pow)
    LCD_RD_DATA                              0x080055a9   Thumb Code    14  ili93xx.o(i.LCD_RD_DATA)
    LCD_ReadPoint                            0x080055bd   Thumb Code   360  ili93xx.o(i.LCD_ReadPoint)
    LCD_ReadReg                              0x08005729   Thumb Code    22  ili93xx.o(i.LCD_ReadReg)
    LCD_SSD_BackLightSet                     0x08005741   Thumb Code    80  ili93xx.o(i.LCD_SSD_BackLightSet)
    LCD_Scan_Dir                             0x08005795   Thumb Code   744  ili93xx.o(i.LCD_Scan_Dir)
    LCD_SetCursor                            0x08005a81   Thumb Code   418  ili93xx.o(i.LCD_SetCursor)
    LCD_Set_Window                           0x08005c29   Thumb Code   528  ili93xx.o(i.LCD_Set_Window)
    LCD_ShowChar                             0x08005e3d   Thumb Code   268  ili93xx.o(i.LCD_ShowChar)
    LCD_ShowNum                              0x08005f61   Thumb Code   148  ili93xx.o(i.LCD_ShowNum)
    LCD_ShowString                           0x08005ff5   Thumb Code   102  ili93xx.o(i.LCD_ShowString)
    LCD_ShowxNum                             0x0800605b   Thumb Code   190  ili93xx.o(i.LCD_ShowxNum)
    LCD_WR_DATA                              0x08006119   Thumb Code     6  ili93xx.o(i.LCD_WR_DATA)
    LCD_WR_REG                               0x08006125   Thumb Code     6  ili93xx.o(i.LCD_WR_REG)
    LCD_WriteRAM_Prepare                     0x08006131   Thumb Code    10  ili93xx.o(i.LCD_WriteRAM_Prepare)
    LCD_WriteReg                             0x08006145   Thumb Code    10  ili93xx.o(i.LCD_WriteReg)
    LED_Init                                 0x08006155   Thumb Code   100  led.o(i.LED_Init)
    MYRCC_DeInit                             0x080061c5   Thumb Code    90  sys.o(i.MYRCC_DeInit)
    MY_NVIC_Init                             0x0800622d   Thumb Code   116  sys.o(i.MY_NVIC_Init)
    MY_NVIC_PriorityGroupConfig              0x080062a5   Thumb Code    32  sys.o(i.MY_NVIC_PriorityGroupConfig)
    MY_NVIC_SetVectorTable                   0x080062cd   Thumb Code    12  sys.o(i.MY_NVIC_SetVectorTable)
    RTC_Get                                  0x080062e1   Thumb Code   242  rtc.o(i.RTC_Get)
    RTC_Get_Week                             0x080063e9   Thumb Code   116  rtc.o(i.RTC_Get_Week)
    RTC_IRQHandler                           0x08006461   Thumb Code    68  rtc.o(i.RTC_IRQHandler)
    RTC_Init                                 0x080064a9   Thumb Code   360  rtc.o(i.RTC_Init)
    RTC_Set                                  0x08006631   Thumb Code   246  rtc.o(i.RTC_Set)
    Stm32_Clock_Init                         0x08006745   Thumb Code   134  sys.o(i.Stm32_Clock_Init)
    TIM3_IRQHandler                          0x080067d5   Thumb Code   158  timer.o(i.TIM3_IRQHandler)
    TIM3_Int_Init                            0x080068b5   Thumb Code    72  timer.o(i.TIM3_Int_Init)
    TIM4_IRQHandler                          0x08006905   Thumb Code    50  usmart.o(i.TIM4_IRQHandler)
    Timer4_Init                              0x08006941   Thumb Code    72  usmart.o(i.Timer4_Init)
    USART1_IRQHandler                        0x08006991   Thumb Code   118  usart.o(i.USART1_IRQHandler)
    __ARM_fpclassify                         0x08006a15   Thumb Code    40  fpclassify.o(i.__ARM_fpclassify)
    _is_digit                                0x08006a3d   Thumb Code    14  __printf_wp.o(i._is_digit)
    _sys_exit                                0x08006a4b   Thumb Code     6  usart.o(i._sys_exit)
    delay_init                               0x08006a51   Thumb Code    56  delay.o(i.delay_init)
    delay_ms                                 0x08006a91   Thumb Code    56  delay.o(i.delay_ms)
    delay_us                                 0x08006acd   Thumb Code    56  delay.o(i.delay_us)
    display_dong                             0x08006b09   Thumb Code   380  ui.o(i.display_dong)
    display_jing                             0x08006c8d   Thumb Code   490  ui.o(i.display_jing)
    fputc                                    0x08006e95   Thumb Code    24  usart.o(i.fputc)
    image_display                            0x08006eb1   Thumb Code    42  image2lcd.o(i.image_display)
    image_getcolor                           0x08006edb   Thumb Code    30  image2lcd.o(i.image_getcolor)
    image_show                               0x08006ef9   Thumb Code   136  image2lcd.o(i.image_show)
    main                                     0x08006f85   Thumb Code   466  test.o(i.main)
    opt_delay                                0x080071a9   Thumb Code    14  ili93xx.o(i.opt_delay)
    read_addr                                0x080071b7   Thumb Code     6  usmart.o(i.read_addr)
    uart_init                                0x080071bd   Thumb Code   202  usart.o(i.uart_init)
    usmart_cmd_rec                           0x08007299   Thumb Code   170  usmart.o(i.usmart_cmd_rec)
    usmart_exe                               0x08007349   Thumb Code   632  usmart.o(i.usmart_exe)
    usmart_get_aparm                         0x0800761d   Thumb Code   212  usmart_str.o(i.usmart_get_aparm)
    usmart_get_cmdname                       0x080076f1   Thumb Code    54  usmart_str.o(i.usmart_get_cmdname)
    usmart_get_fname                         0x08007729   Thumb Code   440  usmart_str.o(i.usmart_get_fname)
    usmart_get_fparam                        0x080078e9   Thumb Code   262  usmart_str.o(i.usmart_get_fparam)
    usmart_get_parmpos                       0x080079f5   Thumb Code    26  usmart_str.o(i.usmart_get_parmpos)
    usmart_get_runtime                       0x08007a15   Thumb Code    56  usmart.o(i.usmart_get_runtime)
    usmart_init                              0x08007a55   Thumb Code    36  usmart.o(i.usmart_init)
    usmart_pow                               0x08007a7d   Thumb Code    22  usmart_str.o(i.usmart_pow)
    usmart_reset_runtime                     0x08007a95   Thumb Code    38  usmart.o(i.usmart_reset_runtime)
    usmart_scan                              0x08007ac5   Thumb Code   120  usmart.o(i.usmart_scan)
    usmart_search_nextc                      0x08007b81   Thumb Code    22  usmart_str.o(i.usmart_search_nextc)
    usmart_str2num                           0x08007b97   Thumb Code   262  usmart_str.o(i.usmart_str2num)
    usmart_strcmp                            0x08007c9d   Thumb Code    34  usmart_str.o(i.usmart_strcmp)
    usmart_strcopy                           0x08007cbf   Thumb Code    22  usmart_str.o(i.usmart_strcopy)
    usmart_strlen                            0x08007cd5   Thumb Code    24  usmart_str.o(i.usmart_strlen)
    usmart_sys_cmd_exe                       0x08007ced   Thumb Code  1570  usmart.o(i.usmart_sys_cmd_exe)
    write_addr                               0x080083e1   Thumb Code     4  usmart.o(i.write_addr)
    _get_lc_numeric                          0x080083e5   Thumb Code    44  lc_numeric_c.o(locale$$code)
    __aeabi_d2f                              0x08008411   Thumb Code     0  d2f.o(x$fpl$d2f)
    _d2f                                     0x08008411   Thumb Code    98  d2f.o(x$fpl$d2f)
    __aeabi_dadd                             0x08008475   Thumb Code     0  daddsub_clz.o(x$fpl$dadd)
    _dadd                                    0x08008475   Thumb Code   332  daddsub_clz.o(x$fpl$dadd)
    __aeabi_ddiv                             0x080085c5   Thumb Code     0  ddiv.o(x$fpl$ddiv)
    _ddiv                                    0x080085c5   Thumb Code   552  ddiv.o(x$fpl$ddiv)
    __aeabi_d2iz                             0x08008875   Thumb Code     0  dfix.o(x$fpl$dfix)
    _dfix                                    0x08008875   Thumb Code    94  dfix.o(x$fpl$dfix)
    __aeabi_d2uiz                            0x080088d5   Thumb Code     0  dfixu.o(x$fpl$dfixu)
    _dfixu                                   0x080088d5   Thumb Code    90  dfixu.o(x$fpl$dfixu)
    __aeabi_ui2d                             0x0800892f   Thumb Code     0  dflt_clz.o(x$fpl$dfltu)
    _dfltu                                   0x0800892f   Thumb Code    38  dflt_clz.o(x$fpl$dfltu)
    __aeabi_dmul                             0x08008955   Thumb Code     0  dmul.o(x$fpl$dmul)
    _dmul                                    0x08008955   Thumb Code   332  dmul.o(x$fpl$dmul)
    __fpl_dnaninf                            0x08008aa9   Thumb Code   156  dnaninf.o(x$fpl$dnaninf)
    __fpl_dretinf                            0x08008b45   Thumb Code    12  dretinf.o(x$fpl$dretinf)
    __aeabi_dsub                             0x08008b51   Thumb Code     0  daddsub_clz.o(x$fpl$dsub)
    _dsub                                    0x08008b51   Thumb Code   464  daddsub_clz.o(x$fpl$dsub)
    __aeabi_f2d                              0x08008d25   Thumb Code     0  f2d.o(x$fpl$f2d)
    _f2d                                     0x08008d25   Thumb Code    86  f2d.o(x$fpl$f2d)
    __aeabi_fadd                             0x08008d7d   Thumb Code     0  faddsub_clz.o(x$fpl$fadd)
    _fadd                                    0x08008d7d   Thumb Code   196  faddsub_clz.o(x$fpl$fadd)
    __aeabi_fdiv                             0x08008e41   Thumb Code     0  fdiv.o(x$fpl$fdiv)
    _fdiv                                    0x08008e41   Thumb Code   384  fdiv.o(x$fpl$fdiv)
    __aeabi_f2uiz                            0x08008fc5   Thumb Code     0  ffixu.o(x$fpl$ffixu)
    _ffixu                                   0x08008fc5   Thumb Code    62  ffixu.o(x$fpl$ffixu)
    __aeabi_ui2f                             0x08009005   Thumb Code     0  fflt_clz.o(x$fpl$ffltu)
    _ffltu                                   0x08009005   Thumb Code    38  fflt_clz.o(x$fpl$ffltu)
    __aeabi_fmul                             0x0800902d   Thumb Code     0  fmul.o(x$fpl$fmul)
    _fmul                                    0x0800902d   Thumb Code   258  fmul.o(x$fpl$fmul)
    __fpl_fnaninf                            0x0800912f   Thumb Code   140  fnaninf.o(x$fpl$fnaninf)
    __fpl_fretinf                            0x080091bb   Thumb Code    10  fretinf.o(x$fpl$fretinf)
    __aeabi_frsub                            0x080091c5   Thumb Code     0  faddsub_clz.o(x$fpl$frsb)
    _frsb                                    0x080091c5   Thumb Code    20  faddsub_clz.o(x$fpl$frsb)
    __aeabi_fsub                             0x080091d9   Thumb Code     0  faddsub_clz.o(x$fpl$fsub)
    _fsub                                    0x080091d9   Thumb Code   234  faddsub_clz.o(x$fpl$fsub)
    _printf_fp_dec                           0x080092c3   Thumb Code     4  printf1.o(x$fpl$printf1)
    __I$use$fp                               0x080092c6   Number         0  usenofp.o(x$fpl$usenofp)
    asc2_1608                                0x080092c6   Data        1520  ili93xx.o(.constdata)
    asc2_2412                                0x080098b6   Data        3420  ili93xx.o(.constdata)
    asc2_3216                                0x0800a612   Data        6080  ili93xx.o(.constdata)
    table_week                               0x0800bdd2   Data          12  rtc.o(.constdata)
    mon_table                                0x0800bdde   Data          12  rtc.o(.constdata)
    gImage_image1                            0x0800bdea   Data       20008  image1.o(.constdata)
    Region$$Table$$Base                      0x08010f90   Number         0  anon$$obj.o(Region$$Table)
    Region$$Table$$Limit                     0x08010fb0   Number         0  anon$$obj.o(Region$$Table)
    color                                    0x20000000   Data           2  ui.o(.data)
    __stdout                                 0x20000008   Data           4  usart.o(.data)
    USART_RX_STA                             0x2000000c   Data           2  usart.o(.data)
    POINT_COLOR                              0x2000000e   Data           2  ili93xx.o(.data)
    BACK_COLOR                               0x20000010   Data           2  ili93xx.o(.data)
    signal                                   0x20000012   Data           2  exti.o(.data)
    signal_RPM                               0x20000014   Data           2  exti.o(.data)
    V                                        0x20000018   Data           4  timer.o(.data)
    V_RPM                                    0x2000001c   Data           2  timer.o(.data)
    signal_sum                               0x2000001e   Data           2  timer.o(.data)
    quanshu_tenfold                          0x20000020   Data           2  timer.o(.data)
    sys_cmd_tab                              0x20000024   Data          28  usmart.o(.data)
    usmart_nametab                           0x20000040   Data         120  usmart_config.o(.data)
    usmart_dev                               0x200000b8   Data         244  usmart_config.o(.data)
    USART_RX_BUF                             0x200001ac   Data         200  usart.o(.bss)
    lcddev                                   0x20000274   Data          14  ili93xx.o(.bss)
    calendar                                 0x20000282   Data          10  rtc.o(.bss)
    _random_number_data                      0x2000028c   Data         228  rand.o(.bss)
    __libspace_start                         0x20000370   Data          96  libspace.o(.bss)
    __temporary_stack_top$libspace           0x200003d0   Data           0  libspace.o(.bss)



==============================================================================

Memory Map of the image

  Image Entry point : 0x08000131

  Load Region LR_IROM1 (Base: 0x08000000, Size: 0x00011178, Max: 0x00080000, ABSOLUTE, COMPRESSED[0x00011068])

    Execution Region ER_IROM1 (Base: 0x08000000, Size: 0x00010fcc, Max: 0x00080000, ABSOLUTE)

    Base Addr    Size         Type   Attr      Idx    E Section Name        Object

    0x08000000   0x00000130   Data   RO            3    RESET               startup_stm32f10x_hd.o
    0x08000130   0x00000008   Code   RO          879  * !!!main             c_w.l(__main.o)
    0x08000138   0x00000034   Code   RO         1158    !!!scatter          c_w.l(__scatter.o)
    0x0800016c   0x0000005a   Code   RO         1156    !!dczerorl2         c_w.l(__dczerorl2.o)
    0x080001c6   0x00000002   PAD
    0x080001c8   0x0000001c   Code   RO         1160    !!handler_zi        c_w.l(__scatter_zi.o)
    0x080001e4   0x00000000   Code   RO          871    .ARM.Collect$$_printf_percent$$00000000  c_w.l(_printf_percent.o)
    0x080001e4   0x00000006   Code   RO          870    .ARM.Collect$$_printf_percent$$00000003  c_w.l(_printf_f.o)
    0x080001ea   0x00000006   Code   RO          868    .ARM.Collect$$_printf_percent$$00000009  c_w.l(_printf_d.o)
    0x080001f0   0x00000006   Code   RO          869    .ARM.Collect$$_printf_percent$$0000000A  c_w.l(_printf_u.o)
    0x080001f6   0x00000006   Code   RO          867    .ARM.Collect$$_printf_percent$$0000000C  c_w.l(_printf_x.o)
    0x080001fc   0x00000006   Code   RO          865    .ARM.Collect$$_printf_percent$$00000013  c_w.l(_printf_c.o)
    0x08000202   0x00000006   Code   RO          866    .ARM.Collect$$_printf_percent$$00000014  c_w.l(_printf_s.o)
    0x08000208   0x00000004   Code   RO          950    .ARM.Collect$$_printf_percent$$00000017  c_w.l(_printf_percent_end.o)
    0x0800020c   0x00000002   Code   RO         1087    .ARM.Collect$$libinit$$00000000  c_w.l(libinit.o)
    0x0800020e   0x00000000   Code   RO          952    .ARM.Collect$$libinit$$00000002  c_w.l(libinit2.o)
    0x0800020e   0x00000000   Code   RO          955    .ARM.Collect$$libinit$$00000008  c_w.l(libinit2.o)
    0x0800020e   0x00000000   Code   RO          957    .ARM.Collect$$libinit$$0000000A  c_w.l(libinit2.o)
    0x0800020e   0x00000004   Code   RO          958    .ARM.Collect$$libinit$$0000000B  c_w.l(libinit2.o)
    0x08000212   0x00000000   Code   RO          959    .ARM.Collect$$libinit$$0000000C  c_w.l(libinit2.o)
    0x08000212   0x00000006   Code   RO          960    .ARM.Collect$$libinit$$0000000D  c_w.l(libinit2.o)
    0x08000218   0x00000000   Code   RO          962    .ARM.Collect$$libinit$$0000000F  c_w.l(libinit2.o)
    0x08000218   0x00000000   Code   RO          964    .ARM.Collect$$libinit$$00000011  c_w.l(libinit2.o)
    0x08000218   0x00000000   Code   RO          966    .ARM.Collect$$libinit$$00000013  c_w.l(libinit2.o)
    0x08000218   0x0000000a   Code   RO          967    .ARM.Collect$$libinit$$00000014  c_w.l(libinit2.o)
    0x08000222   0x00000000   Code   RO          968    .ARM.Collect$$libinit$$00000015  c_w.l(libinit2.o)
    0x08000222   0x00000000   Code   RO          970    .ARM.Collect$$libinit$$00000017  c_w.l(libinit2.o)
    0x08000222   0x00000000   Code   RO          972    .ARM.Collect$$libinit$$00000019  c_w.l(libinit2.o)
    0x08000222   0x00000000   Code   RO          974    .ARM.Collect$$libinit$$0000001B  c_w.l(libinit2.o)
    0x08000222   0x00000000   Code   RO          976    .ARM.Collect$$libinit$$0000001D  c_w.l(libinit2.o)
    0x08000222   0x00000000   Code   RO          978    .ARM.Collect$$libinit$$0000001F  c_w.l(libinit2.o)
    0x08000222   0x00000000   Code   RO          980    .ARM.Collect$$libinit$$00000021  c_w.l(libinit2.o)
    0x08000222   0x00000000   Code   RO          982    .ARM.Collect$$libinit$$00000023  c_w.l(libinit2.o)
    0x08000222   0x00000000   Code   RO          986    .ARM.Collect$$libinit$$0000002A  c_w.l(libinit2.o)
    0x08000222   0x00000000   Code   RO          988    .ARM.Collect$$libinit$$0000002C  c_w.l(libinit2.o)
    0x08000222   0x00000000   Code   RO          990    .ARM.Collect$$libinit$$0000002E  c_w.l(libinit2.o)
    0x08000222   0x00000000   Code   RO          992    .ARM.Collect$$libinit$$00000030  c_w.l(libinit2.o)
    0x08000222   0x00000002   Code   RO          993    .ARM.Collect$$libinit$$00000031  c_w.l(libinit2.o)
    0x08000224   0x00000002   Code   RO         1118    .ARM.Collect$$libshutdown$$00000000  c_w.l(libshutdown.o)
    0x08000226   0x00000000   Code   RO         1125    .ARM.Collect$$libshutdown$$00000003  c_w.l(libshutdown2.o)
    0x08000226   0x00000000   Code   RO         1128    .ARM.Collect$$libshutdown$$00000006  c_w.l(libshutdown2.o)
    0x08000226   0x00000000   Code   RO         1131    .ARM.Collect$$libshutdown$$00000009  c_w.l(libshutdown2.o)
    0x08000226   0x00000000   Code   RO         1133    .ARM.Collect$$libshutdown$$0000000B  c_w.l(libshutdown2.o)
    0x08000226   0x00000000   Code   RO         1136    .ARM.Collect$$libshutdown$$0000000E  c_w.l(libshutdown2.o)
    0x08000226   0x00000002   Code   RO         1137    .ARM.Collect$$libshutdown$$0000000F  c_w.l(libshutdown2.o)
    0x08000228   0x00000000   Code   RO          937    .ARM.Collect$$rtentry$$00000000  c_w.l(rtentry.o)
    0x08000228   0x00000000   Code   RO         1004    .ARM.Collect$$rtentry$$00000002  c_w.l(rtentry2.o)
    0x08000228   0x00000006   Code   RO         1016    .ARM.Collect$$rtentry$$00000004  c_w.l(rtentry4.o)
    0x0800022e   0x00000000   Code   RO         1006    .ARM.Collect$$rtentry$$00000009  c_w.l(rtentry2.o)
    0x0800022e   0x00000004   Code   RO         1007    .ARM.Collect$$rtentry$$0000000A  c_w.l(rtentry2.o)
    0x08000232   0x00000000   Code   RO         1009    .ARM.Collect$$rtentry$$0000000C  c_w.l(rtentry2.o)
    0x08000232   0x00000008   Code   RO         1010    .ARM.Collect$$rtentry$$0000000D  c_w.l(rtentry2.o)
    0x0800023a   0x00000002   Code   RO         1090    .ARM.Collect$$rtexit$$00000000  c_w.l(rtexit.o)
    0x0800023c   0x00000000   Code   RO         1100    .ARM.Collect$$rtexit$$00000002  c_w.l(rtexit2.o)
    0x0800023c   0x00000004   Code   RO         1101    .ARM.Collect$$rtexit$$00000003  c_w.l(rtexit2.o)
    0x08000240   0x00000006   Code   RO         1102    .ARM.Collect$$rtexit$$00000004  c_w.l(rtexit2.o)
    0x08000246   0x00000002   PAD
    0x08000248   0x00000034   Code   RO            4    .text               startup_stm32f10x_hd.o
    0x0800027c   0x00000002   Code   RO          806    .text               c_w.l(use_no_semi_2.o)
    0x0800027e   0x00000002   PAD
    0x08000280   0x00000018   Code   RO          812    .text               c_w.l(noretval__2printf.o)
    0x08000298   0x00000028   Code   RO          814    .text               c_w.l(noretval__2sprintf.o)
    0x080002c0   0x0000004e   Code   RO          818    .text               c_w.l(_printf_pad.o)
    0x0800030e   0x00000052   Code   RO          820    .text               c_w.l(_printf_str.o)
    0x08000360   0x00000074   Code   RO          822    .text               c_w.l(_printf_dec.o)
    0x080003d4   0x00000058   Code   RO          827    .text               c_w.l(_printf_hex_int.o)
    0x0800042c   0x00000188   Code   RO          862    .text               c_w.l(__printf_flags_ss_wp.o)
    0x080005b4   0x0000003c   Code   RO          873    .text               c_w.l(rand.o)
    0x080005f0   0x00000006   Code   RO          877    .text               c_w.l(heapauxi.o)
    0x080005f6   0x00000002   Code   RO          935    .text               c_w.l(use_no_semi.o)
    0x080005f8   0x000000b2   Code   RO          938    .text               c_w.l(_printf_intcommon.o)
    0x080006aa   0x00000416   Code   RO          940    .text               c_w.l(_printf_fp_dec.o)
    0x08000ac0   0x00000030   Code   RO          942    .text               c_w.l(_printf_char_common.o)
    0x08000af0   0x0000000a   Code   RO          944    .text               c_w.l(_sputc.o)
    0x08000afa   0x0000002c   Code   RO          946    .text               c_w.l(_printf_char.o)
    0x08000b26   0x00000002   PAD
    0x08000b28   0x00000024   Code   RO          948    .text               c_w.l(_printf_char_file.o)
    0x08000b4c   0x00000008   Code   RO         1021    .text               c_w.l(rt_locale_intlibspace.o)
    0x08000b54   0x0000008a   Code   RO         1023    .text               c_w.l(lludiv10.o)
    0x08000bde   0x00000002   PAD
    0x08000be0   0x00000080   Code   RO         1025    .text               c_w.l(_printf_fp_infnan.o)
    0x08000c60   0x000000d8   Code   RO         1029    .text               c_w.l(bigflt0.o)
    0x08000d38   0x00000008   Code   RO         1054    .text               c_w.l(ferror.o)
    0x08000d40   0x00000008   Code   RO         1069    .text               c_w.l(libspace.o)
    0x08000d48   0x0000004a   Code   RO         1072    .text               c_w.l(sys_stackheap_outer.o)
    0x08000d92   0x0000000c   Code   RO         1074    .text               c_w.l(exit.o)
    0x08000d9e   0x00000002   PAD
    0x08000da0   0x00000080   Code   RO         1076    .text               c_w.l(strcmpv7m.o)
    0x08000e20   0x0000003e   Code   RO         1032    CL$$btod_d2e        c_w.l(btod.o)
    0x08000e5e   0x00000046   Code   RO         1034    CL$$btod_d2e_denorm_low  c_w.l(btod.o)
    0x08000ea4   0x00000060   Code   RO         1033    CL$$btod_d2e_norm_op1  c_w.l(btod.o)
    0x08000f04   0x00000338   Code   RO         1042    CL$$btod_div_common  c_w.l(btod.o)
    0x0800123c   0x000000c6   Code   RO         1039    CL$$btod_e2e        c_w.l(btod.o)
    0x08001302   0x00000028   Code   RO         1036    CL$$btod_ediv       c_w.l(btod.o)
    0x0800132a   0x00000028   Code   RO         1035    CL$$btod_emul       c_w.l(btod.o)
    0x08001352   0x00000244   Code   RO         1041    CL$$btod_mult_common  c_w.l(btod.o)
    0x08001596   0x00000002   PAD
    0x08001598   0x00000034   Code   RO          481    i.EXTI0_IRQHandler  exti.o
    0x080015cc   0x0000001c   Code   RO          482    i.EXTI2_IRQHandler  exti.o
    0x080015e8   0x0000001c   Code   RO          483    i.EXTI4_IRQHandler  exti.o
    0x08001604   0x0000004a   Code   RO          484    i.EXTIX_Init        exti.o
    0x0800164e   0x00000002   PAD
    0x08001650   0x000000a0   Code   RO          140    i.Ex_NVIC_Config    sys.o
    0x080016f0   0x0000003a   Code   RO          533    i.Is_Leap_Year      rtc.o
    0x0800172a   0x00000002   PAD
    0x0800172c   0x0000006c   Code   RO          514    i.KEY_Init          key.o
    0x08001798   0x0000001a   Code   RO          274    i.LCD_BGR2RGB       ili93xx.o
    0x080017b2   0x00000002   PAD
    0x080017b4   0x0000006c   Code   RO          275    i.LCD_Clear         ili93xx.o
    0x08001820   0x000001c0   Code   RO          279    i.LCD_Display_Dir   ili93xx.o
    0x080019e0   0x000000b0   Code   RO          280    i.LCD_DrawLine      ili93xx.o
    0x08001a90   0x00000024   Code   RO          281    i.LCD_DrawPoint     ili93xx.o
    0x08001ab4   0x0000003c   Code   RO          282    i.LCD_DrawRectangle  ili93xx.o
    0x08001af0   0x00000098   Code   RO          283    i.LCD_Draw_Circle   ili93xx.o
    0x08001b88   0x0000017c   Code   RO          284    i.LCD_Fast_DrawPoint  ili93xx.o
    0x08001d04   0x000000bc   Code   RO          285    i.LCD_Fill          ili93xx.o
    0x08001dc0   0x000037d0   Code   RO          286    i.LCD_Init          ili93xx.o
    0x08005590   0x00000016   Code   RO          287    i.LCD_Pow           ili93xx.o
    0x080055a6   0x00000002   PAD
    0x080055a8   0x00000014   Code   RO          288    i.LCD_RD_DATA       ili93xx.o
    0x080055bc   0x0000016c   Code   RO          289    i.LCD_ReadPoint     ili93xx.o
    0x08005728   0x00000016   Code   RO          290    i.LCD_ReadReg       ili93xx.o
    0x0800573e   0x00000002   PAD
    0x08005740   0x00000054   Code   RO          291    i.LCD_SSD_BackLightSet  ili93xx.o
    0x08005794   0x000002ec   Code   RO          292    i.LCD_Scan_Dir      ili93xx.o
    0x08005a80   0x000001a8   Code   RO          293    i.LCD_SetCursor     ili93xx.o
    0x08005c28   0x00000214   Code   RO          294    i.LCD_Set_Window    ili93xx.o
    0x08005e3c   0x00000124   Code   RO          295    i.LCD_ShowChar      ili93xx.o
    0x08005f60   0x00000094   Code   RO          296    i.LCD_ShowNum       ili93xx.o
    0x08005ff4   0x00000066   Code   RO          297    i.LCD_ShowString    ili93xx.o
    0x0800605a   0x000000be   Code   RO          298    i.LCD_ShowxNum      ili93xx.o
    0x08006118   0x0000000c   Code   RO          299    i.LCD_WR_DATA       ili93xx.o
    0x08006124   0x0000000c   Code   RO          300    i.LCD_WR_REG        ili93xx.o
    0x08006130   0x00000014   Code   RO          302    i.LCD_WriteRAM_Prepare  ili93xx.o
    0x08006144   0x00000010   Code   RO          303    i.LCD_WriteReg      ili93xx.o
    0x08006154   0x00000070   Code   RO          262    i.LED_Init          led.o
    0x080061c4   0x00000068   Code   RO          144    i.MYRCC_DeInit      sys.o
    0x0800622c   0x00000078   Code   RO          145    i.MY_NVIC_Init      sys.o
    0x080062a4   0x00000028   Code   RO          146    i.MY_NVIC_PriorityGroupConfig  sys.o
    0x080062cc   0x00000014   Code   RO          147    i.MY_NVIC_SetVectorTable  sys.o
    0x080062e0   0x00000108   Code   RO          534    i.RTC_Get           rtc.o
    0x080063e8   0x00000078   Code   RO          535    i.RTC_Get_Week      rtc.o
    0x08006460   0x00000048   Code   RO          536    i.RTC_IRQHandler    rtc.o
    0x080064a8   0x00000188   Code   RO          537    i.RTC_Init          rtc.o
    0x08006630   0x00000114   Code   RO          538    i.RTC_Set           rtc.o
    0x08006744   0x00000090   Code   RO          148    i.Stm32_Clock_Init  sys.o
    0x080067d4   0x000000e0   Code   RO          583    i.TIM3_IRQHandler   timer.o
    0x080068b4   0x00000050   Code   RO          584    i.TIM3_Int_Init     timer.o
    0x08006904   0x0000003c   Code   RO          605    i.TIM4_IRQHandler   usmart.o
    0x08006940   0x00000050   Code   RO          606    i.Timer4_Init       usmart.o
    0x08006990   0x00000084   Code   RO          221    i.USART1_IRQHandler  usart.o
    0x08006a14   0x00000028   Code   RO         1067    i.__ARM_fpclassify  m_ws.l(fpclassify.o)
    0x08006a3c   0x0000000e   Code   RO          855    i._is_digit         c_w.l(__printf_wp.o)
    0x08006a4a   0x00000006   Code   RO          222    i._sys_exit         usart.o
    0x08006a50   0x00000040   Code   RO          113    i.delay_init        delay.o
    0x08006a90   0x0000003c   Code   RO          114    i.delay_ms          delay.o
    0x08006acc   0x0000003c   Code   RO          115    i.delay_us          delay.o
    0x08006b08   0x00000184   Code   RO           85    i.display_dong      ui.o
    0x08006c8c   0x00000208   Code   RO           86    i.display_jing      ui.o
    0x08006e94   0x0000001c   Code   RO          223    i.fputc             usart.o
    0x08006eb0   0x0000002a   Code   RO          773    i.image_display     image2lcd.o
    0x08006eda   0x0000001e   Code   RO          774    i.image_getcolor    image2lcd.o
    0x08006ef8   0x0000008c   Code   RO          775    i.image_show        image2lcd.o
    0x08006f84   0x00000224   Code   RO           10    i.main              test.o
    0x080071a8   0x0000000e   Code   RO          304    i.opt_delay         ili93xx.o
    0x080071b6   0x00000006   Code   RO          607    i.read_addr         usmart.o
    0x080071bc   0x000000dc   Code   RO          224    i.uart_init         usart.o
    0x08007298   0x000000b0   Code   RO          608    i.usmart_cmd_rec    usmart.o
    0x08007348   0x000002d4   Code   RO          609    i.usmart_exe        usmart.o
    0x0800761c   0x000000d4   Code   RO          694    i.usmart_get_aparm  usmart_str.o
    0x080076f0   0x00000036   Code   RO          695    i.usmart_get_cmdname  usmart_str.o
    0x08007726   0x00000002   PAD
    0x08007728   0x000001c0   Code   RO          696    i.usmart_get_fname  usmart_str.o
    0x080078e8   0x0000010c   Code   RO          697    i.usmart_get_fparam  usmart_str.o
    0x080079f4   0x00000020   Code   RO          698    i.usmart_get_parmpos  usmart_str.o
    0x08007a14   0x00000040   Code   RO          610    i.usmart_get_runtime  usmart.o
    0x08007a54   0x00000028   Code   RO          611    i.usmart_init       usmart.o
    0x08007a7c   0x00000016   Code   RO          699    i.usmart_pow        usmart_str.o
    0x08007a92   0x00000002   PAD
    0x08007a94   0x00000030   Code   RO          612    i.usmart_reset_runtime  usmart.o
    0x08007ac4   0x000000bc   Code   RO          613    i.usmart_scan       usmart.o
    0x08007b80   0x00000016   Code   RO          700    i.usmart_search_nextc  usmart_str.o
    0x08007b96   0x00000106   Code   RO          701    i.usmart_str2num    usmart_str.o
    0x08007c9c   0x00000022   Code   RO          702    i.usmart_strcmp     usmart_str.o
    0x08007cbe   0x00000016   Code   RO          703    i.usmart_strcopy    usmart_str.o
    0x08007cd4   0x00000018   Code   RO          704    i.usmart_strlen     usmart_str.o
    0x08007cec   0x000006f4   Code   RO          614    i.usmart_sys_cmd_exe  usmart.o
    0x080083e0   0x00000004   Code   RO          615    i.write_addr        usmart.o
    0x080083e4   0x0000002c   Code   RO         1059    locale$$code        c_w.l(lc_numeric_c.o)
    0x08008410   0x00000062   Code   RO          881    x$fpl$d2f           fz_ws.l(d2f.o)
    0x08008472   0x00000002   PAD
    0x08008474   0x00000150   Code   RO          883    x$fpl$dadd          fz_ws.l(daddsub_clz.o)
    0x080085c4   0x000002b0   Code   RO          890    x$fpl$ddiv          fz_ws.l(ddiv.o)
    0x08008874   0x0000005e   Code   RO          893    x$fpl$dfix          fz_ws.l(dfix.o)
    0x080088d2   0x00000002   PAD
    0x080088d4   0x0000005a   Code   RO          897    x$fpl$dfixu         fz_ws.l(dfixu.o)
    0x0800892e   0x00000026   Code   RO          901    x$fpl$dfltu         fz_ws.l(dflt_clz.o)
    0x08008954   0x00000154   Code   RO          907    x$fpl$dmul          fz_ws.l(dmul.o)
    0x08008aa8   0x0000009c   Code   RO          994    x$fpl$dnaninf       fz_ws.l(dnaninf.o)
    0x08008b44   0x0000000c   Code   RO          996    x$fpl$dretinf       fz_ws.l(dretinf.o)
    0x08008b50   0x000001d4   Code   RO          885    x$fpl$dsub          fz_ws.l(daddsub_clz.o)
    0x08008d24   0x00000056   Code   RO          909    x$fpl$f2d           fz_ws.l(f2d.o)
    0x08008d7a   0x00000002   PAD
    0x08008d7c   0x000000c4   Code   RO          911    x$fpl$fadd          fz_ws.l(faddsub_clz.o)
    0x08008e40   0x00000184   Code   RO          918    x$fpl$fdiv          fz_ws.l(fdiv.o)
    0x08008fc4   0x0000003e   Code   RO          921    x$fpl$ffixu         fz_ws.l(ffixu.o)
    0x08009002   0x00000002   PAD
    0x08009004   0x00000026   Code   RO          925    x$fpl$ffltu         fz_ws.l(fflt_clz.o)
    0x0800902a   0x00000002   PAD
    0x0800902c   0x00000102   Code   RO          931    x$fpl$fmul          fz_ws.l(fmul.o)
    0x0800912e   0x0000008c   Code   RO          998    x$fpl$fnaninf       fz_ws.l(fnaninf.o)
    0x080091ba   0x0000000a   Code   RO         1000    x$fpl$fretinf       fz_ws.l(fretinf.o)
    0x080091c4   0x00000014   Code   RO          912    x$fpl$frsb          fz_ws.l(faddsub_clz.o)
    0x080091d8   0x000000ea   Code   RO          913    x$fpl$fsub          fz_ws.l(faddsub_clz.o)
    0x080092c2   0x00000004   Code   RO          933    x$fpl$printf1       fz_ws.l(printf1.o)
    0x080092c6   0x00000000   Code   RO         1002    x$fpl$usenofp       fz_ws.l(usenofp.o)
    0x080092c6   0x00002b0c   Data   RO          306    .constdata          ili93xx.o
    0x0800bdd2   0x00000018   Data   RO          540    .constdata          rtc.o
    0x0800bdea   0x00004e28   Data   RO          766    .constdata          image1.o
    0x08010c12   0x00000028   Data   RO          828    .constdata          c_w.l(_printf_hex_int.o)
    0x08010c3a   0x00000011   Data   RO          863    .constdata          c_w.l(__printf_flags_ss_wp.o)
    0x08010c4b   0x00000001   PAD
    0x08010c4c   0x00000094   Data   RO         1030    .constdata          c_w.l(bigflt0.o)
    0x08010ce0   0x00000028   Data   RO          616    .conststring        usmart.o
    0x08010d08   0x00000287   Data   RO          681    .conststring        usmart_config.o
    0x08010f8f   0x00000001   PAD
    0x08010f90   0x00000020   Data   RO         1154    Region$$Table       anon$$obj.o
    0x08010fb0   0x0000001c   Data   RO         1058    locale$$data        c_w.l(lc_numeric_c.o)


    Execution Region RW_IRAM1 (Base: 0x20000000, Size: 0x000007d0, Max: 0x00010000, ABSOLUTE, COMPRESSED[0x0000009c])

    Base Addr    Size         Type   Attr      Idx    E Section Name        Object

    0x20000000   0x00000002   Data   RW           87    .data               ui.o
    0x20000002   0x00000004   Data   RW          116    .data               delay.o
    0x20000006   0x00000002   PAD
    0x20000008   0x00000006   Data   RW          226    .data               usart.o
    0x2000000e   0x00000004   Data   RW          307    .data               ili93xx.o
    0x20000012   0x00000004   Data   RW          485    .data               exti.o
    0x20000016   0x00000002   Data   RW          541    .data               rtc.o
    0x20000018   0x0000000a   Data   RW          585    .data               timer.o
    0x20000022   0x00000002   PAD
    0x20000024   0x0000001c   Data   RW          617    .data               usmart.o
    0x20000040   0x0000016c   Data   RW          682    .data               usmart_config.o
    0x200001ac   0x000000c8   Zero   RW          225    .bss                usart.o
    0x20000274   0x0000000e   Zero   RW          305    .bss                ili93xx.o
    0x20000282   0x0000000a   Zero   RW          539    .bss                rtc.o
    0x2000028c   0x000000e4   Zero   RW          874    .bss                c_w.l(rand.o)
    0x20000370   0x00000060   Zero   RW         1070    .bss                c_w.l(libspace.o)
    0x200003d0   0x00000000   Zero   RW            2    HEAP                startup_stm32f10x_hd.o
    0x200003d0   0x00000400   Zero   RW            1    STACK               startup_stm32f10x_hd.o


==============================================================================

Image component sizes


      Code (inc. data)   RO Data    RW Data    ZI Data      Debug   Object Name

       184         16          0          4          0       1671   delay.o
       182         28          0          4          0       2058   exti.o
     18884        224      11020          4         14      28973   ili93xx.o
         0          0      20008          0          0        432   image1.o
       212          4          0          0          0       2290   image2lcd.o
       108         14          0          0          0        435   key.o
       112         12          0          0          0        439   led.o
      1182         92         24          2         10       5102   rtc.o
        52         18        304          0       1024        792   startup_stm32f10x_hd.o
       588         58          0          0          0       3449   sys.o
       548         82          0          0          0     208163   test.o
       304         74          0         10          0       1391   timer.o
       908         38          0          2          0       2644   ui.o
       386         36          0          6        200       4020   usart.o
      3170       1350         40         28          0       7282   usmart.o
         0          0        647        364          0       1556   usmart_config.o
      1400         20          0          0          0       8345   usmart_str.o

    ----------------------------------------------------------------------
     28234       2066      32076        428       1248     279042   Object Totals
         0          0         32          0          0          0   (incl. Generated)
        14          0          1          4          0          0   (incl. Padding)

    ----------------------------------------------------------------------

      Code (inc. data)   RO Data    RW Data    ZI Data      Debug   Library Member Name

        90          0          0          0          0          0   __dczerorl2.o
         8          0          0          0          0         68   __main.o
       392          4         17          0          0         92   __printf_flags_ss_wp.o
        14          0          0          0          0         68   __printf_wp.o
        52          8          0          0          0          0   __scatter.o
        28          0          0          0          0          0   __scatter_zi.o
         6          0          0          0          0          0   _printf_c.o
        44          0          0          0          0        108   _printf_char.o
        48          6          0          0          0         96   _printf_char_common.o
        36          4          0          0          0         80   _printf_char_file.o
         6          0          0          0          0          0   _printf_d.o
       116         16          0          0          0         92   _printf_dec.o
         6          0          0          0          0          0   _printf_f.o
      1046          0          0          0          0        216   _printf_fp_dec.o
       128         16          0          0          0         84   _printf_fp_infnan.o
        88          4         40          0          0         88   _printf_hex_int.o
       178          0          0          0          0         88   _printf_intcommon.o
        78          0          0          0          0        108   _printf_pad.o
         0          0          0          0          0          0   _printf_percent.o
         4          0          0          0          0          0   _printf_percent_end.o
         6          0          0          0          0          0   _printf_s.o
        82          0          0          0          0         80   _printf_str.o
         6          0          0          0          0          0   _printf_u.o
         6          0          0          0          0          0   _printf_x.o
        10          0          0          0          0         68   _sputc.o
       216          4        148          0          0         96   bigflt0.o
      1910        128          0          0          0        672   btod.o
        12          0          0          0          0         72   exit.o
         8          0          0          0          0         68   ferror.o
         6          0          0          0          0        152   heapauxi.o
        44         10         28          0          0         76   lc_numeric_c.o
         2          0          0          0          0          0   libinit.o
        22          0          0          0          0          0   libinit2.o
         2          0          0          0          0          0   libshutdown.o
         2          0          0          0          0          0   libshutdown2.o
         8          4          0          0         96         68   libspace.o
       138          0          0          0          0         80   lludiv10.o
        24          4          0          0          0         84   noretval__2printf.o
        40          6          0          0          0         84   noretval__2sprintf.o
        60         14          0          0        228         92   rand.o
         8          4          0          0          0         68   rt_locale_intlibspace.o
         0          0          0          0          0          0   rtentry.o
        12          0          0          0          0          0   rtentry2.o
         6          0          0          0          0          0   rtentry4.o
         2          0          0          0          0          0   rtexit.o
        10          0          0          0          0          0   rtexit2.o
       128          0          0          0          0         68   strcmpv7m.o
        74          0          0          0          0         80   sys_stackheap_outer.o
         2          0          0          0          0         68   use_no_semi.o
         2          0          0          0          0         68   use_no_semi_2.o
        98          4          0          0          0         92   d2f.o
       804         16          0          0          0        272   daddsub_clz.o
       688        140          0          0          0        208   ddiv.o
        94          4          0          0          0         92   dfix.o
        90          4          0          0          0         92   dfixu.o
        38          0          0          0          0         68   dflt_clz.o
       340         12          0          0          0        104   dmul.o
       156          4          0          0          0         92   dnaninf.o
        12          0          0          0          0         68   dretinf.o
        86          4          0          0          0         84   f2d.o
       450          8          0          0          0        236   faddsub_clz.o
       388         76          0          0          0         96   fdiv.o
        62          4          0          0          0         84   ffixu.o
        38          0          0          0          0         68   fflt_clz.o
       258          4          0          0          0         84   fmul.o
       140          4          0          0          0         84   fnaninf.o
        10          0          0          0          0         68   fretinf.o
         4          0          0          0          0         68   printf1.o
         0          0          0          0          0          0   usenofp.o
        40          0          0          0          0         68   fpclassify.o

    ----------------------------------------------------------------------
      9036        516        234          0        324       5260   Library Totals
        24          0          1          0          0          0   (incl. Padding)

    ----------------------------------------------------------------------

      Code (inc. data)   RO Data    RW Data    ZI Data      Debug   Library Name

      5216        232        233          0        324       3232   c_w.l
      3756        284          0          0          0       1960   fz_ws.l
        40          0          0          0          0         68   m_ws.l

    ----------------------------------------------------------------------
      9036        516        234          0        324       5260   Library Totals

    ----------------------------------------------------------------------

==============================================================================


      Code (inc. data)   RO Data    RW Data    ZI Data      Debug   

     37270       2582      32310        428       1572     277330   Grand Totals
     37270       2582      32310        156       1572     277330   ELF Image Totals (compressed)
     37270       2582      32310        156          0          0   ROM Totals

==============================================================================

    Total RO  Size (Code + RO Data)                69580 (  67.95kB)
    Total RW  Size (RW Data + ZI Data)              2000 (   1.95kB)
    Total ROM Size (Code + RO Data + RW Data)      69736 (  68.10kB)

==============================================================================

